Archive member included to satisfy reference by file (symbol)

c:/vsarm/armcc/102021~1.10/bin/../lib/gcc/arm-none-eabi/10.3.1/thumb/v6-m/nofp\libgcc.a(_dvmd_tls.o)
                              CMakeFiles/picousbtest.dir/C_/VSARM/sdk/pico/pico-sdk/src/rp2_common/pico_divider/divider.S.obj (__aeabi_idiv0)
c:/vsarm/armcc/102021~1.10/bin/../lib/gcc/arm-none-eabi/10.3.1/../../../../arm-none-eabi/lib/thumb/v6-m/nofp\libc.a(lib_a-calloc.o)
                              CMakeFiles/picousbtest.dir/C_/VSARM/sdk/pico/pico-sdk/src/rp2_common/pico_malloc/pico_malloc.c.obj (calloc)
c:/vsarm/armcc/102021~1.10/bin/../lib/gcc/arm-none-eabi/10.3.1/../../../../arm-none-eabi/lib/thumb/v6-m/nofp\libc.a(lib_a-callocr.o)
                              c:/vsarm/armcc/102021~1.10/bin/../lib/gcc/arm-none-eabi/10.3.1/../../../../arm-none-eabi/lib/thumb/v6-m/nofp\libc.a(lib_a-calloc.o) (_calloc_r)
c:/vsarm/armcc/102021~1.10/bin/../lib/gcc/arm-none-eabi/10.3.1/../../../../arm-none-eabi/lib/thumb/v6-m/nofp\libc.a(lib_a-errno.o)
                              c:/vsarm/armcc/102021~1.10/bin/../lib/gcc/arm-none-eabi/10.3.1/../../../../arm-none-eabi/lib/thumb/v6-m/nofp\libc.a(lib_a-callocr.o) (__errno)
c:/vsarm/armcc/102021~1.10/bin/../lib/gcc/arm-none-eabi/10.3.1/../../../../arm-none-eabi/lib/thumb/v6-m/nofp\libc.a(lib_a-fflush.o)
                              CMakeFiles/picousbtest.dir/main.c.obj (fflush)
c:/vsarm/armcc/102021~1.10/bin/../lib/gcc/arm-none-eabi/10.3.1/../../../../arm-none-eabi/lib/thumb/v6-m/nofp\libc.a(lib_a-findfp.o)
                              c:/vsarm/armcc/102021~1.10/bin/../lib/gcc/arm-none-eabi/10.3.1/../../../../arm-none-eabi/lib/thumb/v6-m/nofp\libc.a(lib_a-fflush.o) (__sinit)
c:/vsarm/armcc/102021~1.10/bin/../lib/gcc/arm-none-eabi/10.3.1/../../../../arm-none-eabi/lib/thumb/v6-m/nofp\libc.a(lib_a-freer.o)
                              c:/vsarm/armcc/102021~1.10/bin/../lib/gcc/arm-none-eabi/10.3.1/../../../../arm-none-eabi/lib/thumb/v6-m/nofp\libc.a(lib_a-fflush.o) (_free_r)
c:/vsarm/armcc/102021~1.10/bin/../lib/gcc/arm-none-eabi/10.3.1/../../../../arm-none-eabi/lib/thumb/v6-m/nofp\libc.a(lib_a-fwalk.o)
                              c:/vsarm/armcc/102021~1.10/bin/../lib/gcc/arm-none-eabi/10.3.1/../../../../arm-none-eabi/lib/thumb/v6-m/nofp\libc.a(lib_a-findfp.o) (_fwalk)
c:/vsarm/armcc/102021~1.10/bin/../lib/gcc/arm-none-eabi/10.3.1/../../../../arm-none-eabi/lib/thumb/v6-m/nofp\libc.a(lib_a-fwrite.o)
                              CMakeFiles/picousbtest.dir/main.c.obj (fwrite)
c:/vsarm/armcc/102021~1.10/bin/../lib/gcc/arm-none-eabi/10.3.1/../../../../arm-none-eabi/lib/thumb/v6-m/nofp\libc.a(lib_a-impure.o)
                              c:/vsarm/armcc/102021~1.10/bin/../lib/gcc/arm-none-eabi/10.3.1/../../../../arm-none-eabi/lib/thumb/v6-m/nofp\libc.a(lib_a-fflush.o) (_global_impure_ptr)
c:/vsarm/armcc/102021~1.10/bin/../lib/gcc/arm-none-eabi/10.3.1/../../../../arm-none-eabi/lib/thumb/v6-m/nofp\libc.a(lib_a-init.o)
                              c:/vsarm/armcc/102021~1.10/bin/../lib/gcc/arm-none-eabi/10.3.1/../../../../arm-none-eabi/lib/thumb/v6-m/nofp/crt0.o (__libc_init_array)
c:/vsarm/armcc/102021~1.10/bin/../lib/gcc/arm-none-eabi/10.3.1/../../../../arm-none-eabi/lib/thumb/v6-m/nofp\libc.a(lib_a-lock.o)
                              c:/vsarm/armcc/102021~1.10/bin/../lib/gcc/arm-none-eabi/10.3.1/../../../../arm-none-eabi/lib/thumb/v6-m/nofp\libc.a(lib_a-findfp.o) (__retarget_lock_init_recursive)
c:/vsarm/armcc/102021~1.10/bin/../lib/gcc/arm-none-eabi/10.3.1/../../../../arm-none-eabi/lib/thumb/v6-m/nofp\libc.a(lib_a-malloc.o)
                              CMakeFiles/picousbtest.dir/C_/VSARM/sdk/pico/pico-sdk/src/rp2_common/pico_malloc/pico_malloc.c.obj (malloc)
c:/vsarm/armcc/102021~1.10/bin/../lib/gcc/arm-none-eabi/10.3.1/../../../../arm-none-eabi/lib/thumb/v6-m/nofp\libc.a(lib_a-mallocr.o)
                              c:/vsarm/armcc/102021~1.10/bin/../lib/gcc/arm-none-eabi/10.3.1/../../../../arm-none-eabi/lib/thumb/v6-m/nofp\libc.a(lib_a-callocr.o) (_malloc_r)
c:/vsarm/armcc/102021~1.10/bin/../lib/gcc/arm-none-eabi/10.3.1/../../../../arm-none-eabi/lib/thumb/v6-m/nofp\libc.a(lib_a-mlock.o)
                              c:/vsarm/armcc/102021~1.10/bin/../lib/gcc/arm-none-eabi/10.3.1/../../../../arm-none-eabi/lib/thumb/v6-m/nofp\libc.a(lib_a-freer.o) (__malloc_lock)
c:/vsarm/armcc/102021~1.10/bin/../lib/gcc/arm-none-eabi/10.3.1/../../../../arm-none-eabi/lib/thumb/v6-m/nofp\libc.a(lib_a-sbrkr.o)
                              c:/vsarm/armcc/102021~1.10/bin/../lib/gcc/arm-none-eabi/10.3.1/../../../../arm-none-eabi/lib/thumb/v6-m/nofp\libc.a(lib_a-freer.o) (_sbrk_r)
c:/vsarm/armcc/102021~1.10/bin/../lib/gcc/arm-none-eabi/10.3.1/../../../../arm-none-eabi/lib/thumb/v6-m/nofp\libc.a(lib_a-stdio.o)
                              c:/vsarm/armcc/102021~1.10/bin/../lib/gcc/arm-none-eabi/10.3.1/../../../../arm-none-eabi/lib/thumb/v6-m/nofp\libc.a(lib_a-findfp.o) (__sread)
[...]
Memory Configuration

Name             Origin             Length             Attributes
FLASH            0x10000000         0x00200000         xr
RAM              0x20000000         0x00040000         xrw
SCRATCH_X        0x20040000         0x00001000         xrw
SCRATCH_Y        0x20041000         0x00001000         xrw
*default*        0x00000000         0xffffffff

Linker script and memory map

LOAD c:/vsarm/armcc/102021~1.10/bin/../lib/gcc/arm-none-eabi/10.3.1/thumb/v6-m/nofp/crti.o
LOAD c:/vsarm/armcc/102021~1.10/bin/../lib/gcc/arm-none-eabi/10.3.1/thumb/v6-m/nofp/crtbegin.o
LOAD c:/vsarm/armcc/102021~1.10/bin/../lib/gcc/arm-none-eabi/10.3.1/../../../../arm-none-eabi/lib/thumb/v6-m/nofp/crt0.o

.flash_begin    0x10000000        0x0
                0x10000000                __flash_binary_start = .

.boot2          0x10000000      0x100
                0x10000000                __boot2_start__ = .
 *(.boot2)
 .boot2         0x10000000      0x100 C:\Users\Ravioli\AppData\Local\Temp\ccMUSBz3.o
                0x10000100                __boot2_end__ = .
                0x00000001                ASSERT (((__boot2_end__ - __boot2_start__) == 0x100), ERROR: Pico second stage bootloader must be 256 bytes in size)

.text           0x10000100     0x75f8
                0x10000100                __logical_binary_start = .
 *(.vectors)
 .vectors       0x10000100       0xd4 CMakeFiles/picousbtest.dir/C_/VSARM/sdk/pico/pico-sdk/src/rp2_common/pico_standard_link/crt0.S.obj
                0x10000100                __VECTOR_TABLE
                0x10000100                __vectors
                0x100001c0                isr_invalid
                0x100001c0                __default_isrs_start
                0x100001c2                isr_nmi
                0x100001c4                isr_hardfault
                0x100001c6                isr_svcall
                0x100001c8                isr_pendsv
                0x100001ca                isr_systick
                0x100001cc                isr_irq23
                0x100001cc                isr_irq18
                0x100001cc                isr_irq11
                0x100001cc                isr_irq28
                0x100001cc                isr_irq19
                0x100001cc                isr_irq0
                0x100001cc                isr_irq6
                0x100001cc                isr_irq5
                0x100001cc                isr_irq12
                0x100001cc                isr_irq22
                0x100001cc                isr_irq31
                0x100001cc                isr_irq17
                0x100001cc                isr_irq27
                0x100001cc                isr_irq30
                0x100001cc                isr_irq2
                0x100001cc                isr_irq10
                0x100001cc                isr_irq8
                0x100001cc                isr_irq24
                0x100001cc                isr_irq1
                0x100001cc                isr_irq7
                0x100001cc                isr_irq21
                0x100001cc                isr_irq20
                0x100001cc                isr_irq15
                0x100001cc                isr_irq25
                0x100001cc                isr_irq13
                0x100001cc                __unhandled_user_irq
                0x100001cc                isr_irq4
                0x100001cc                isr_irq16
                0x100001cc                isr_irq29
                0x100001cc                isr_irq26
                0x100001cc                __default_isrs_end
                0x100001cc                isr_irq3
                0x100001cc                isr_irq14
                0x100001cc                isr_irq9
                0x100001d2                unhandled_user_irq_num_in_r0
 *(.binary_info_header)
 .binary_info_header
                0x100001d4       0x14 CMakeFiles/picousbtest.dir/C_/VSARM/sdk/pico/pico-sdk/src/rp2_common/pico_standard_link/crt0.S.obj
                0x100001e8                __binary_info_header_end = .
 *(.reset)
 .reset         0x100001e8       0xa8 CMakeFiles/picousbtest.dir/C_/VSARM/sdk/pico/pico-sdk/src/rp2_common/pico_standard_link/crt0.S.obj
                0x100001e8                _entry_point
                0x10000266                __get_current_exception
 .reset         0x10000290       0x30 CMakeFiles/picousbtest.dir/C_/VSARM/sdk/pico/pico-sdk/src/rp2_common/pico_standard_link/binary_info.c.obj
 *(.init)
 .init          0x100002c0        0x4 c:/vsarm/armcc/102021~1.10/bin/../lib/gcc/arm-none-eabi/10.3.1/thumb/v6-m/nofp/crti.o
                0x100002c0                _init
 *(EXCLUDE_FILE(*libm.a: *libc.a:*lib_a-mem*.o *libgcc.a:) .text*)
 .text          0x100002c4       0x48 c:/vsarm/armcc/102021~1.10/bin/../lib/gcc/arm-none-eabi/10.3.1/thumb/v6-m/nofp/crtbegin.o
 .text.startup.main
                0x1000030c      0x12c CMakeFiles/picousbtest.dir/main.c.obj
                0x1000030c                main
 .text.gpio_set_function
                0x10000438       0x30 CMakeFiles/picousbtest.dir/C_/VSARM/sdk/pico/pico-sdk/src/rp2_common/hardware_gpio/gpio.c.obj
                0x10000438                gpio_set_function
 .text.hw_claim_or_assert
                0x10000468       0x44 CMakeFiles/picousbtest.dir/C_/VSARM/sdk/pico/pico-sdk/src/rp2_common/hardware_claim/claim.c.obj
                0x10000468                hw_claim_or_assert
 .text.hw_claim_unused_from_range
                0x100004ac       0x9c CMakeFiles/picousbtest.dir/C_/VSARM/sdk/pico/pico-sdk/src/rp2_common/hardware_claim/claim.c.obj
                0x100004ac                hw_claim_unused_from_range
 .text.running_on_fpga
                0x10000548       0x10 CMakeFiles/picousbtest.dir/C_/VSARM/sdk/pico/pico-sdk/src/rp2_common/pico_platform/platform.c.obj
                0x10000548                running_on_fpga
 .text.spin_locks_reset
                0x10000558       0x1c CMakeFiles/picousbtest.dir/C_/VSARM/sdk/pico/pico-sdk/src/rp2_common/hardware_sync/sync.c.obj
                0x10000558                spin_locks_reset
 .text.next_striped_spin_lock_num
                0x10000574       0x18 CMakeFiles/picousbtest.dir/C_/VSARM/sdk/pico/pico-sdk/src/rp2_common/hardware_sync/sync.c.obj
                0x10000574                next_striped_spin_lock_num
 .text.spin_lock_claim_unused
                0x1000058c       0x20 CMakeFiles/picousbtest.dir/C_/VSARM/sdk/pico/pico-sdk/src/rp2_common/hardware_sync/sync.c.obj
                0x1000058c                spin_lock_claim_unused
 .text.uart_init
                0x100005ac       0xe0 CMakeFiles/picousbtest.dir/C_/VSARM/sdk/pico/pico-sdk/src/rp2_common/hardware_uart/uart.c.obj
                0x100005ac                uart_init
 .text.timer_pool_entry_comparator
                0x1000068c       0x34 CMakeFiles/picousbtest.dir/C_/VSARM/sdk/pico/pico-sdk/src/common/pico_time/time.c.obj
                0x1000068c                timer_pool_entry_comparator
 .text.sleep_until_callback
                0x100006c0       0x30 CMakeFiles/picousbtest.dir/C_/VSARM/sdk/pico/pico-sdk/src/common/pico_time/time.c.obj
 .text.add_alarm_under_lock.isra.0
                0x100006f0      0x100 CMakeFiles/picousbtest.dir/C_/VSARM/sdk/pico/pico-sdk/src/common/pico_time/time.c.obj
 .text.alarm_pool_alarm_callback
                0x100007f0      0x1c8 CMakeFiles/picousbtest.dir/C_/VSARM/sdk/pico/pico-sdk/src/common/pico_time/time.c.obj
 .text.alarm_pool_add_alarm_at.constprop.0
                0x100009b8      0x11c CMakeFiles/picousbtest.dir/C_/VSARM/sdk/pico/pico-sdk/src/common/pico_time/time.c.obj
 .text.alarm_pool_init_default
                0x10000ad4       0x64 CMakeFiles/picousbtest.dir/C_/VSARM/sdk/pico/pico-sdk/src/common/pico_time/time.c.obj
                0x10000ad4                alarm_pool_init_default
 .text.alarm_pool_get_default
                0x10000b38        0x8 CMakeFiles/picousbtest.dir/C_/VSARM/sdk/pico/pico-sdk/src/common/pico_time/time.c.obj
                0x10000b38                alarm_pool_get_default
 .text.alarm_pool_add_alarm_at
                0x10000b40      0x194 CMakeFiles/picousbtest.dir/C_/VSARM/sdk/pico/pico-sdk/src/common/pico_time/time.c.obj
                0x10000b40                alarm_pool_add_alarm_at
 .text.best_effort_wfe_or_timeout
                0x10000cd4       0xd4 CMakeFiles/picousbtest.dir/C_/VSARM/sdk/pico/pico-sdk/src/common/pico_time/time.c.obj
                0x10000cd4                best_effort_wfe_or_timeout
 .text.hardware_alarm_irq_handler
                0x10000da8       0xb8 CMakeFiles/picousbtest.dir/C_/VSARM/sdk/pico/pico-sdk/src/rp2_common/hardware_timer/timer.c.obj
 .text.hardware_alarm_claim
                0x10000e60       0x18 CMakeFiles/picousbtest.dir/C_/VSARM/sdk/pico/pico-sdk/src/rp2_common/hardware_timer/timer.c.obj
                0x10000e60                hardware_alarm_claim
 .text.time_us_64
                0x10000e78       0x14 CMakeFiles/picousbtest.dir/C_/VSARM/sdk/pico/pico-sdk/src/rp2_common/hardware_timer/timer.c.obj
                0x10000e78                time_us_64
 .text.busy_wait_us
                0x10000e8c       0x54 CMakeFiles/picousbtest.dir/C_/VSARM/sdk/pico/pico-sdk/src/rp2_common/hardware_timer/timer.c.obj
                0x10000e8c                busy_wait_us
 .text.hardware_alarm_set_callback
                0x10000ee0       0x8c CMakeFiles/picousbtest.dir/C_/VSARM/sdk/pico/pico-sdk/src/rp2_common/hardware_timer/timer.c.obj
                0x10000ee0                hardware_alarm_set_callback
 .text.hardware_alarm_set_target
                0x10000f6c       0xe0 CMakeFiles/picousbtest.dir/C_/VSARM/sdk/pico/pico-sdk/src/rp2_common/hardware_timer/timer.c.obj
                0x10000f6c                hardware_alarm_set_target
 .text.hardware_alarm_cancel
                0x1000104c       0x3c CMakeFiles/picousbtest.dir/C_/VSARM/sdk/pico/pico-sdk/src/rp2_common/hardware_timer/timer.c.obj
                0x1000104c                hardware_alarm_cancel
 .text.lock_init
                0x10001088       0x10 CMakeFiles/picousbtest.dir/C_/VSARM/sdk/pico/pico-sdk/src/common/pico_sync/lock_core.c.obj
                0x10001088                lock_init
 .text.mutex_init
                0x10001098       0x1c CMakeFiles/picousbtest.dir/C_/VSARM/sdk/pico/pico-sdk/src/common/pico_sync/mutex.c.obj
                0x10001098                mutex_init
 .text.recursive_mutex_init
                0x100010b4       0x1c CMakeFiles/picousbtest.dir/C_/VSARM/sdk/pico/pico-sdk/src/common/pico_sync/mutex.c.obj
                0x100010b4                recursive_mutex_init
 .text.critical_section_init
                0x100010d0       0x20 CMakeFiles/picousbtest.dir/C_/VSARM/sdk/pico/pico-sdk/src/common/pico_sync/critical_section.c.obj
                0x100010d0                critical_section_init
 .text.ph_merge_nodes
                0x100010f0       0x68 CMakeFiles/picousbtest.dir/C_/VSARM/sdk/pico/pico-sdk/src/common/pico_util/pheap.c.obj
 .text.ph_post_alloc_init
                0x10001158       0x3c CMakeFiles/picousbtest.dir/C_/VSARM/sdk/pico/pico-sdk/src/common/pico_util/pheap.c.obj
                0x10001158                ph_post_alloc_init
 .text.ph_merge_two_pass
                0x10001194       0x90 CMakeFiles/picousbtest.dir/C_/VSARM/sdk/pico/pico-sdk/src/common/pico_util/pheap.c.obj
                0x10001194                ph_merge_two_pass
 .text.ph_remove_any_head
                0x10001224       0xf8 CMakeFiles/picousbtest.dir/C_/VSARM/sdk/pico/pico-sdk/src/common/pico_util/pheap.c.obj
 .text.ph_remove_head
                0x1000131c       0xfc CMakeFiles/picousbtest.dir/C_/VSARM/sdk/pico/pico-sdk/src/common/pico_util/pheap.c.obj
                0x1000131c                ph_remove_head
 .text.ph_remove_and_free_node
                0x10001418       0x7c CMakeFiles/picousbtest.dir/C_/VSARM/sdk/pico/pico-sdk/src/common/pico_util/pheap.c.obj
                0x10001418                ph_remove_and_free_node
 .text.runtime_init
                0x10001494       0xf0 CMakeFiles/picousbtest.dir/C_/VSARM/sdk/pico/pico-sdk/src/rp2_common/pico_runtime/runtime.c.obj
                0x10001494                runtime_init
 .text._sbrk    0x10001584       0x34 CMakeFiles/picousbtest.dir/C_/VSARM/sdk/pico/pico-sdk/src/rp2_common/pico_runtime/runtime.c.obj
                0x10001584                _sbrk
 .text.exit     0x100015b8        0x4 CMakeFiles/picousbtest.dir/C_/VSARM/sdk/pico/pico-sdk/src/rp2_common/pico_runtime/runtime.c.obj
                0x100015b8                exit
 .text.panic    0x100015bc       0x30 CMakeFiles/picousbtest.dir/C_/VSARM/sdk/pico/pico-sdk/src/rp2_common/pico_runtime/runtime.c.obj
                0x100015bc                panic
 .text.hard_assertion_failure
                0x100015ec        0xc CMakeFiles/picousbtest.dir/C_/VSARM/sdk/pico/pico-sdk/src/rp2_common/pico_runtime/runtime.c.obj
                0x100015ec                hard_assertion_failure
 .text.clocks_init
                0x100015f8      0x2bc CMakeFiles/picousbtest.dir/C_/VSARM/sdk/pico/pico-sdk/src/rp2_common/hardware_clocks/clocks.c.obj
                0x100015f8                clocks_init
 .text.clock_get_hz
                0x100018b4        0xc CMakeFiles/picousbtest.dir/C_/VSARM/sdk/pico/pico-sdk/src/rp2_common/hardware_clocks/clocks.c.obj
                0x100018b4                clock_get_hz
 .text.irq_set_enabled
                0x100018c0       0x24 CMakeFiles/picousbtest.dir/C_/VSARM/sdk/pico/pico-sdk/src/rp2_common/hardware_irq/irq.c.obj
                0x100018c0                irq_set_enabled
 .text.irq_set_pending
                0x100018e4       0x10 CMakeFiles/picousbtest.dir/C_/VSARM/sdk/pico/pico-sdk/src/rp2_common/hardware_irq/irq.c.obj
                0x100018e4                irq_set_pending
 .text.irq_get_vtable_handler
                0x100018f4       0x10 CMakeFiles/picousbtest.dir/C_/VSARM/sdk/pico/pico-sdk/src/rp2_common/hardware_irq/irq.c.obj
                0x100018f4                irq_get_vtable_handler
 .text.irq_set_exclusive_handler
                0x10001904       0x54 CMakeFiles/picousbtest.dir/C_/VSARM/sdk/pico/pico-sdk/src/rp2_common/hardware_irq/irq.c.obj
                0x10001904                irq_set_exclusive_handler
 .text.irq_remove_handler
                0x10001958      0x1b4 CMakeFiles/picousbtest.dir/C_/VSARM/sdk/pico/pico-sdk/src/rp2_common/hardware_irq/irq.c.obj
                0x10001958                irq_remove_handler
 .text.irq_add_tail_to_free_list
                0x10001b0c       0xb4 CMakeFiles/picousbtest.dir/C_/VSARM/sdk/pico/pico-sdk/src/rp2_common/hardware_irq/irq.c.obj
                0x10001b0c                irq_add_tail_to_free_list
 .text.irq_init_priorities
                0x10001bc0       0x24 CMakeFiles/picousbtest.dir/C_/VSARM/sdk/pico/pico-sdk/src/rp2_common/hardware_irq/irq.c.obj
                0x10001bc0                irq_init_priorities
 .text.pll_init
                0x10001be4       0xb0 CMakeFiles/picousbtest.dir/C_/VSARM/sdk/pico/pico-sdk/src/rp2_common/hardware_pll/pll.c.obj
                0x10001be4                pll_init
 .text.watchdog_start_tick
                0x10001c94       0x10 CMakeFiles/picousbtest.dir/C_/VSARM/sdk/pico/pico-sdk/src/rp2_common/hardware_watchdog/watchdog.c.obj
                0x10001c94                watchdog_start_tick
 .text.watchdog_reboot
                0x10001ca4       0x98 CMakeFiles/picousbtest.dir/C_/VSARM/sdk/pico/pico-sdk/src/rp2_common/hardware_watchdog/watchdog.c.obj
                0x10001ca4                watchdog_reboot
 .text.xosc_init
                0x10001d3c       0x28 CMakeFiles/picousbtest.dir/C_/VSARM/sdk/pico/pico-sdk/src/rp2_common/hardware_xosc/xosc.c.obj
                0x10001d3c                xosc_init
 .text._out_char
                0x10001d64       0x10 CMakeFiles/picousbtest.dir/C_/VSARM/sdk/pico/pico-sdk/src/rp2_common/pico_printf/printf.c.obj
 .text.weak_raw_vprintf
                0x10001d74       0x30 CMakeFiles/picousbtest.dir/C_/VSARM/sdk/pico/pico-sdk/src/rp2_common/pico_printf/printf.c.obj
                0x10001d74                weak_raw_vprintf
 .text          0x10001da4       0x10 CMakeFiles/picousbtest.dir/C_/VSARM/sdk/pico/pico-sdk/src/rp2_common/pico_bit_ops/bit_ops_aeabi.S.obj
 .text.rom_func_lookup
                0x10001db4       0x10 CMakeFiles/picousbtest.dir/C_/VSARM/sdk/pico/pico-sdk/src/rp2_common/pico_bootrom/bootrom.c.obj
                0x10001db4                rom_func_lookup
 .text.rom_data_lookup
                0x10001dc4       0x10 CMakeFiles/picousbtest.dir/C_/VSARM/sdk/pico/pico-sdk/src/rp2_common/pico_bootrom/bootrom.c.obj
                0x10001dc4                rom_data_lookup
 .text.rom_funcs_lookup
                0x10001dd4       0x44 CMakeFiles/picousbtest.dir/C_/VSARM/sdk/pico/pico-sdk/src/rp2_common/pico_bootrom/bootrom.c.obj
                0x10001dd4                rom_funcs_lookup
 .text.__wrap___aeabi_idiv
                0x10001e18       0x50 CMakeFiles/picousbtest.dir/C_/VSARM/sdk/pico/pico-sdk/src/rp2_common/pico_divider/divider.S.obj
                0x10001e18                __wrap___aeabi_idivmod
                0x10001e18                divmod_s32s32
                0x10001e18                div_s32s32
                0x10001e18                __wrap___aeabi_idiv
                0x10001e20                divmod_s32s32_unsafe
                0x10001e4c                divmod_s32s32_savestate
 .text.__wrap___aeabi_uidiv
                0x10001e68       0x4c CMakeFiles/picousbtest.dir/C_/VSARM/sdk/pico/pico-sdk/src/rp2_common/pico_divider/divider.S.obj
                0x10001e68                __wrap___aeabi_uidiv
                0x10001e68                __wrap___aeabi_uidivmod
                0x10001e68                div_u32u32
                0x10001e68                divmod_u32u32
                0x10001e70                divmod_u32u32_unsafe
                0x10001e98                divmod_u32u32_savestate
 .text.push_r8_r11
                0x10001eb4        0xc CMakeFiles/picousbtest.dir/C_/VSARM/sdk/pico/pico-sdk/src/rp2_common/pico_double/double_aeabi.S.obj
                0x10001eb4                push_r8_r11
 .text.pop_r8_r11
                0x10001ec0        0xc CMakeFiles/picousbtest.dir/C_/VSARM/sdk/pico/pico-sdk/src/rp2_common/pico_double/double_aeabi.S.obj
                0x10001ec0                pop_r8_r11
 .text.__wrap___aeabi_darithmetic
                0x10001ecc       0x80 CMakeFiles/picousbtest.dir/C_/VSARM/sdk/pico/pico-sdk/src/rp2_common/pico_double/double_aeabi.S.obj
                0x10001ecc                __wrap___aeabi_drsub
                0x10001ed2                __wrap___aeabi_dsub
                0x10001ee4                __wrap___aeabi_dadd
                0x10001ef6                __wrap___aeabi_ddiv
                0x10001f32                __wrap___aeabi_dmul
 .text.fix642double
                0x10001f4c       0x18 CMakeFiles/picousbtest.dir/C_/VSARM/sdk/pico/pico-sdk/src/rp2_common/pico_double/double_aeabi.S.obj
                0x10001f4c                fix642double
 .text.__wrap___aeabi_d2f
                0x10001f64       0x18 CMakeFiles/picousbtest.dir/C_/VSARM/sdk/pico/pico-sdk/src/rp2_common/pico_double/double_aeabi.S.obj
                0x10001f64                __wrap___aeabi_d2f
 .text.__wrap_sincostan_remainder
                0x10001f7c       0x14 CMakeFiles/picousbtest.dir/C_/VSARM/sdk/pico/pico-sdk/src/rp2_common/pico_double/double_aeabi.S.obj
                0x10001f7c                sincostan_remainder
 .text.__wrap_sin
                0x10001f90       0x2c CMakeFiles/picousbtest.dir/C_/VSARM/sdk/pico/pico-sdk/src/rp2_common/pico_double/double_aeabi.S.obj
                0x10001f90                __wrap_sin
 .text.__aeabi_double_init
                0x10001fbc       0x94 CMakeFiles/picousbtest.dir/C_/VSARM/sdk/pico/pico-sdk/src/rp2_common/pico_double/double_init_rom.c.obj
                0x10001fbc                __aeabi_double_init
 .text.__wrap_remquo
                0x10002050      0x2a0 CMakeFiles/picousbtest.dir/C_/VSARM/sdk/pico/pico-sdk/src/rp2_common/pico_double/double_math.c.obj
                0x10002050                __wrap_remquo
 .text.__wrap_remainder
                0x100022f0       0x10 CMakeFiles/picousbtest.dir/C_/VSARM/sdk/pico/pico-sdk/src/rp2_common/pico_double/double_math.c.obj
                0x100022f0                __wrap_remainder
 .text.double_table_shim_on_use_helper
                0x10002300       0x2c CMakeFiles/picousbtest.dir/C_/VSARM/sdk/pico/pico-sdk/src/rp2_common/pico_double/double_v1_rom_shim.S.obj
                0x10002300                double_table_shim_on_use_helper
 .text.__wrap___aeabi_dsub
                0x1000232c       0x10 CMakeFiles/picousbtest.dir/C_/VSARM/sdk/pico/pico-sdk/src/rp2_common/pico_double/double_v1_rom_shim.S.obj
                0x1000232c                drsub_shim
                0x10002332                dsub_shim
 .text.dadd_shim
                0x1000233c      0x15c CMakeFiles/picousbtest.dir/C_/VSARM/sdk/pico/pico-sdk/src/rp2_common/pico_double/double_v1_rom_shim.S.obj
                0x1000233c                dadd_shim
 .text.dmul_shim
                0x10002498      0x15c CMakeFiles/picousbtest.dir/C_/VSARM/sdk/pico/pico-sdk/src/rp2_common/pico_double/double_v1_rom_shim.S.obj
                0x10002498                dmul_shim
 .text.ddiv_shim
                0x100025f4      0x1b0 CMakeFiles/picousbtest.dir/C_/VSARM/sdk/pico/pico-sdk/src/rp2_common/pico_double/double_v1_rom_shim.S.obj
                0x100025f4                ddiv_shim
 .text.dcordic_vec_step
                0x100027a4        0xe CMakeFiles/picousbtest.dir/C_/VSARM/sdk/pico/pico-sdk/src/rp2_common/pico_double/double_v1_rom_shim.S.obj
                0x100027a4                dcordic_vec_step
 .text.dcordic_rot_step
                0x100027b2       0x76 CMakeFiles/picousbtest.dir/C_/VSARM/sdk/pico/pico-sdk/src/rp2_common/pico_double/double_v1_rom_shim.S.obj
                0x100027b2                dcordic_rot_step
 .text.double2int64_shim
                0x10002828       0x1a CMakeFiles/picousbtest.dir/C_/VSARM/sdk/pico/pico-sdk/src/rp2_common/pico_double/double_v1_rom_shim.S.obj
                0x10002828                double2int64_shim
                0x1000282a                double2fix64_shim
 *fill*         0x10002842        0x2 
 .text.double2uint64_shim
                0x10002844       0x70 CMakeFiles/picousbtest.dir/C_/VSARM/sdk/pico/pico-sdk/src/rp2_common/pico_double/double_v1_rom_shim.S.obj
                0x10002844                double2uint64_shim
                0x10002846                double2ufix64_shim
                0x10002866                d2fix_a
 .text.double2float_shim
                0x100028b4       0x5c CMakeFiles/picousbtest.dir/C_/VSARM/sdk/pico/pico-sdk/src/rp2_common/pico_double/double_v1_rom_shim.S.obj
                0x100028b4                double2float_shim
 .text.x2double_shims
                0x10002910       0x90 CMakeFiles/picousbtest.dir/C_/VSARM/sdk/pico/pico-sdk/src/rp2_common/pico_double/double_v1_rom_shim.S.obj
                0x10002910                uint2double_shim
                0x10002912                ufix2double_shim
                0x10002918                int2double_shim
                0x1000291a                fix2double_shim
                0x10002920                uint642double_shim
                0x10002922                ufix642double_shim
                0x10002928                int642double_shim
                0x1000292a                fix642double_shim
 .text.dunpacks
                0x100029a0       0x3c CMakeFiles/picousbtest.dir/C_/VSARM/sdk/pico/pico-sdk/src/rp2_common/pico_double/double_v1_rom_shim.S.obj
                0x100029a0                dunpacks
 .text.dreduce  0x100029dc       0x82 CMakeFiles/picousbtest.dir/C_/VSARM/sdk/pico/pico-sdk/src/rp2_common/pico_double/double_v1_rom_shim.S.obj
                0x100029dc                dreduce
 .text.dsin_shim
                0x10002a5e       0x14 CMakeFiles/picousbtest.dir/C_/VSARM/sdk/pico/pico-sdk/src/rp2_common/pico_double/double_v1_rom_shim.S.obj
                0x10002a5e                dsin_shim
 *fill*         0x10002a72        0x2 
 .text.dtrig_guts
                0x10002a74      0x2ec CMakeFiles/picousbtest.dir/C_/VSARM/sdk/pico/pico-sdk/src/rp2_common/pico_double/double_v1_rom_shim.S.obj
                0x10002b4c                datan2_shim
 .text.__aeabi_lmul
                0x10002d60       0x32 CMakeFiles/picousbtest.dir/C_/VSARM/sdk/pico/pico-sdk/src/rp2_common/pico_int64_ops/pico_int64_ops_aeabi.S.obj
                0x10002d60                __wrap___aeabi_lmul
 *fill*         0x10002d92        0x2 
 .text.__wrap___aeabi_farithmetic
                0x10002d94       0x48 CMakeFiles/picousbtest.dir/C_/VSARM/sdk/pico/pico-sdk/src/rp2_common/pico_float/float_aeabi.S.obj
                0x10002d94                __wrap___aeabi_frsub
                0x10002d9a                __wrap___aeabi_fsub
                0x10002da0                __wrap___aeabi_fadd
                0x10002da6                __wrap___aeabi_fdiv
                0x10002dce                __wrap___aeabi_fmul
 .text.__wrap___aeabi_ui2f
                0x10002ddc        0xa CMakeFiles/picousbtest.dir/C_/VSARM/sdk/pico/pico-sdk/src/rp2_common/pico_float/float_aeabi.S.obj
                0x10002ddc                __wrap___aeabi_ui2f
 *fill*         0x10002de6        0x2 
 .text.__wrap___aeabi_i2f
                0x10002de8       0x44 CMakeFiles/picousbtest.dir/C_/VSARM/sdk/pico/pico-sdk/src/rp2_common/pico_float/float_aeabi.S.obj
                0x10002de8                __wrap___aeabi_i2f
 .text.__wrap___aeabi_f2iz
                0x10002e2c       0x4e CMakeFiles/picousbtest.dir/C_/VSARM/sdk/pico/pico-sdk/src/rp2_common/pico_float/float_aeabi.S.obj
                0x10002e2c                float2int_z
                0x10002e2c                __wrap___aeabi_f2iz
 *fill*         0x10002e7a        0x2 
 .text.float2int
                0x10002e7c       0x14 CMakeFiles/picousbtest.dir/C_/VSARM/sdk/pico/pico-sdk/src/rp2_common/pico_float/float_aeabi.S.obj
                0x10002e7c                float2int
 .text.__wrap___aeabi_f2uiz
                0x10002e90        0xc CMakeFiles/picousbtest.dir/C_/VSARM/sdk/pico/pico-sdk/src/rp2_common/pico_float/float_aeabi.S.obj
                0x10002e90                __wrap___aeabi_f2uiz
 .text.__wrap___aeabi_f2d
                0x10002e9c       0x14 CMakeFiles/picousbtest.dir/C_/VSARM/sdk/pico/pico-sdk/src/rp2_common/pico_float/float_aeabi.S.obj
                0x10002e9c                __wrap___aeabi_f2d
 .text.__aeabi_float_init
                0x10002eb0       0x64 CMakeFiles/picousbtest.dir/C_/VSARM/sdk/pico/pico-sdk/src/rp2_common/pico_float/float_init_rom.c.obj
                0x10002eb0                __aeabi_float_init
 .text.float_table_shim_on_use_helper
                0x10002f14       0x2c CMakeFiles/picousbtest.dir/C_/VSARM/sdk/pico/pico-sdk/src/rp2_common/pico_float/float_v1_rom_shim.S.obj
                0x10002f14                float_table_shim_on_use_helper
 .text.float232_shims
                0x10002f40       0x18 CMakeFiles/picousbtest.dir/C_/VSARM/sdk/pico/pico-sdk/src/rp2_common/pico_float/float_v1_rom_shim.S.obj
                0x10002f40                float2int_shim
                0x10002f42                float2fix_shim
 .text.float2double_shim
                0x10002f58       0x30 CMakeFiles/picousbtest.dir/C_/VSARM/sdk/pico/pico-sdk/src/rp2_common/pico_float/float_v1_rom_shim.S.obj
                0x10002f58                float2double_shim
 .text          0x10002f88       0x10 CMakeFiles/picousbtest.dir/C_/VSARM/sdk/pico/pico-sdk/src/rp2_common/pico_mem_ops/mem_ops_aeabi.S.obj
                0x10002f88                __aeabi_mem_init
 .text.memset   0x10002f98        0xc CMakeFiles/picousbtest.dir/C_/VSARM/sdk/pico/pico-sdk/src/rp2_common/pico_mem_ops/mem_ops_aeabi.S.obj
                0x10002f98                __wrap_memset
 .text.memcpy   0x10002fa4        0xc CMakeFiles/picousbtest.dir/C_/VSARM/sdk/pico/pico-sdk/src/rp2_common/pico_mem_ops/mem_ops_aeabi.S.obj
                0x10002fa4                __wrap_memcpy
                0x10002fa4                __wrap___aeabi_memcpy
 .text.stdio_out_chars_no_crlf
                0x10002fb0       0x10 CMakeFiles/picousbtest.dir/C_/VSARM/sdk/pico/pico-sdk/src/rp2_common/pico_stdio/stdio.c.obj
 .text.stdio_out_chars_crlf
                0x10002fc0       0xb4 CMakeFiles/picousbtest.dir/C_/VSARM/sdk/pico/pico-sdk/src/rp2_common/pico_stdio/stdio.c.obj
 .text.stdio_put_string.isra.0
                0x10003074       0xfc CMakeFiles/picousbtest.dir/C_/VSARM/sdk/pico/pico-sdk/src/rp2_common/pico_stdio/stdio.c.obj
 .text.__wrap_putchar
                0x10003170       0xa0 CMakeFiles/picousbtest.dir/C_/VSARM/sdk/pico/pico-sdk/src/rp2_common/pico_stdio/stdio.c.obj
                0x10003170                __wrap_putchar
 .text.__wrap_puts
                0x10003210       0x3c CMakeFiles/picousbtest.dir/C_/VSARM/sdk/pico/pico-sdk/src/rp2_common/pico_stdio/stdio.c.obj
                0x10003210                __wrap_puts
 .text._read    0x1000324c       0x98 CMakeFiles/picousbtest.dir/C_/VSARM/sdk/pico/pico-sdk/src/rp2_common/pico_stdio/stdio.c.obj
                0x1000324c                _read
 .text._write   0x100032e4       0xac CMakeFiles/picousbtest.dir/C_/VSARM/sdk/pico/pico-sdk/src/rp2_common/pico_stdio/stdio.c.obj
                0x100032e4                _write
 .text.stdio_set_driver_enabled
                0x10003390       0x30 CMakeFiles/picousbtest.dir/C_/VSARM/sdk/pico/pico-sdk/src/rp2_common/pico_stdio/stdio.c.obj
                0x10003390                stdio_set_driver_enabled
 .text.stdio_init_all
                0x100033c0        0xc CMakeFiles/picousbtest.dir/C_/VSARM/sdk/pico/pico-sdk/src/rp2_common/pico_stdio/stdio.c.obj
                0x100033c0                stdio_init_all
 .text.getchar_timeout_us
                0x100033cc       0xa0 CMakeFiles/picousbtest.dir/C_/VSARM/sdk/pico/pico-sdk/src/rp2_common/pico_stdio/stdio.c.obj
                0x100033cc                getchar_timeout_us
 .text.stdio_set_translate_crlf
                0x1000346c       0x10 CMakeFiles/picousbtest.dir/C_/VSARM/sdk/pico/pico-sdk/src/rp2_common/pico_stdio/stdio.c.obj
                0x1000346c                stdio_set_translate_crlf
 .text.stdio_uart_out_chars
                0x1000347c       0x4c CMakeFiles/picousbtest.dir/C_/VSARM/sdk/pico/pico-sdk/src/rp2_common/pico_stdio_uart/stdio_uart.c.obj
 .text.stdio_uart_in_chars
                0x100034c8       0x38 CMakeFiles/picousbtest.dir/C_/VSARM/sdk/pico/pico-sdk/src/rp2_common/pico_stdio_uart/stdio_uart.c.obj
                0x100034c8                stdio_uart_in_chars
 .text.stdio_uart_init
                0x10003500       0x48 CMakeFiles/picousbtest.dir/C_/VSARM/sdk/pico/pico-sdk/src/rp2_common/pico_stdio_uart/stdio_uart.c.obj
                0x10003500                stdio_uart_init
 .text.resetd_init
                0x10003548        0x4 CMakeFiles/picousbtest.dir/C_/VSARM/sdk/pico/pico-sdk/src/rp2_common/pico_stdio_usb/reset_interface.c.obj
 .text.resetd_reset
                0x1000354c        0xc CMakeFiles/picousbtest.dir/C_/VSARM/sdk/pico/pico-sdk/src/rp2_common/pico_stdio_usb/reset_interface.c.obj
 .text.resetd_open
                0x10003558       0x28 CMakeFiles/picousbtest.dir/C_/VSARM/sdk/pico/pico-sdk/src/rp2_common/pico_stdio_usb/reset_interface.c.obj
 .text.resetd_xfer_cb
                0x10003580        0x4 CMakeFiles/picousbtest.dir/C_/VSARM/sdk/pico/pico-sdk/src/rp2_common/pico_stdio_usb/reset_interface.c.obj
 .text.resetd_control_xfer_cb
                0x10003584       0x64 CMakeFiles/picousbtest.dir/C_/VSARM/sdk/pico/pico-sdk/src/rp2_common/pico_stdio_usb/reset_interface.c.obj
 .text.usbd_app_driver_get_cb
                0x100035e8        0xc CMakeFiles/picousbtest.dir/C_/VSARM/sdk/pico/pico-sdk/src/rp2_common/pico_stdio_usb/reset_interface.c.obj
                0x100035e8                usbd_app_driver_get_cb
 .text.tud_cdc_line_coding_cb
                0x100035f4       0x34 CMakeFiles/picousbtest.dir/C_/VSARM/sdk/pico/pico-sdk/src/rp2_common/pico_stdio_usb/reset_interface.c.obj
                0x100035f4                tud_cdc_line_coding_cb
 .text.stdio_usb_in_chars
                0x10003628       0x68 CMakeFiles/picousbtest.dir/C_/VSARM/sdk/pico/pico-sdk/src/rp2_common/pico_stdio_usb/stdio_usb.c.obj
                0x10003628                stdio_usb_in_chars
 .text.stdio_usb_out_chars
                0x10003690       0xe4 CMakeFiles/picousbtest.dir/C_/VSARM/sdk/pico/pico-sdk/src/rp2_common/pico_stdio_usb/stdio_usb.c.obj
 .text.timer_task
                0x10003774       0x10 CMakeFiles/picousbtest.dir/C_/VSARM/sdk/pico/pico-sdk/src/rp2_common/pico_stdio_usb/stdio_usb.c.obj
 .text.low_priority_worker_irq
                0x10003784       0x24 CMakeFiles/picousbtest.dir/C_/VSARM/sdk/pico/pico-sdk/src/rp2_common/pico_stdio_usb/stdio_usb.c.obj
 .text.stdio_usb_init
                0x100037a8       0x90 CMakeFiles/picousbtest.dir/C_/VSARM/sdk/pico/pico-sdk/src/rp2_common/pico_stdio_usb/stdio_usb.c.obj
                0x100037a8                stdio_usb_init
 .text.tud_descriptor_device_cb
                0x10003838        0x8 CMakeFiles/picousbtest.dir/C_/VSARM/sdk/pico/pico-sdk/src/rp2_common/pico_stdio_usb/stdio_usb_descriptors.c.obj
                0x10003838                tud_descriptor_device_cb
 .text.tud_descriptor_configuration_cb
                0x10003840        0x8 CMakeFiles/picousbtest.dir/C_/VSARM/sdk/pico/pico-sdk/src/rp2_common/pico_stdio_usb/stdio_usb_descriptors.c.obj
                0x10003840                tud_descriptor_configuration_cb
 .text.tud_descriptor_string_cb
                0x10003848       0x74 CMakeFiles/picousbtest.dir/C_/VSARM/sdk/pico/pico-sdk/src/rp2_common/pico_stdio_usb/stdio_usb_descriptors.c.obj
                0x10003848                tud_descriptor_string_cb
 .text.dcd_rp2040_irq
                0x100038bc      0x21c CMakeFiles/picousbtest.dir/C_/VSARM/sdk/pico/pico-sdk/lib/tinyusb/src/portable/raspberrypi/rp2040/dcd_rp2040.c.obj
 .text.dcd_int_enable
                0x10003ad8        0xc CMakeFiles/picousbtest.dir/C_/VSARM/sdk/pico/pico-sdk/lib/tinyusb/src/portable/raspberrypi/rp2040/dcd_rp2040.c.obj
                0x10003ad8                dcd_int_enable
 .text.dcd_set_address
                0x10003ae4       0x14 CMakeFiles/picousbtest.dir/C_/VSARM/sdk/pico/pico-sdk/lib/tinyusb/src/portable/raspberrypi/rp2040/dcd_rp2040.c.obj
                0x10003ae4                dcd_set_address
 .text.dcd_connect
                0x10003af8       0x10 CMakeFiles/picousbtest.dir/C_/VSARM/sdk/pico/pico-sdk/lib/tinyusb/src/portable/raspberrypi/rp2040/dcd_rp2040.c.obj
                0x10003af8                dcd_connect
 .text.dcd_init
                0x10003b08      0x144 CMakeFiles/picousbtest.dir/C_/VSARM/sdk/pico/pico-sdk/lib/tinyusb/src/portable/raspberrypi/rp2040/dcd_rp2040.c.obj
                0x10003b08                dcd_init
 .text.dcd_edpt0_status_complete
                0x10003c4c       0x1c CMakeFiles/picousbtest.dir/C_/VSARM/sdk/pico/pico-sdk/lib/tinyusb/src/portable/raspberrypi/rp2040/dcd_rp2040.c.obj
                0x10003c4c                dcd_edpt0_status_complete
 .text.dcd_edpt_open
                0x10003c68       0xf0 CMakeFiles/picousbtest.dir/C_/VSARM/sdk/pico/pico-sdk/lib/tinyusb/src/portable/raspberrypi/rp2040/dcd_rp2040.c.obj
                0x10003c68                dcd_edpt_open
 .text.dcd_edpt_close_all
                0x10003d58       0xbc CMakeFiles/picousbtest.dir/C_/VSARM/sdk/pico/pico-sdk/lib/tinyusb/src/portable/raspberrypi/rp2040/dcd_rp2040.c.obj
                0x10003d58                dcd_edpt_close_all
 .text.dcd_edpt_xfer
                0x10003e14       0x24 CMakeFiles/picousbtest.dir/C_/VSARM/sdk/pico/pico-sdk/lib/tinyusb/src/portable/raspberrypi/rp2040/dcd_rp2040.c.obj
                0x10003e14                dcd_edpt_xfer
 .text.dcd_edpt_stall
                0x10003e38       0x38 CMakeFiles/picousbtest.dir/C_/VSARM/sdk/pico/pico-sdk/lib/tinyusb/src/portable/raspberrypi/rp2040/dcd_rp2040.c.obj
                0x10003e38                dcd_edpt_stall
 .text.dcd_edpt_clear_stall
                0x10003e70       0x30 CMakeFiles/picousbtest.dir/C_/VSARM/sdk/pico/pico-sdk/lib/tinyusb/src/portable/raspberrypi/rp2040/dcd_rp2040.c.obj
                0x10003e70                dcd_edpt_clear_stall
 .text._hw_endpoint_buffer_control_update32.part.0.isra.0
                0x10003ea0       0x1c CMakeFiles/picousbtest.dir/C_/VSARM/sdk/pico/pico-sdk/lib/tinyusb/src/portable/raspberrypi/rp2040/rp2040_usb.c.obj
 .text.rp2040_usb_init
                0x10003ebc       0x4c CMakeFiles/picousbtest.dir/C_/VSARM/sdk/pico/pico-sdk/lib/tinyusb/src/portable/raspberrypi/rp2040/rp2040_usb.c.obj
                0x10003ebc                rp2040_usb_init
 .text.hw_endpoint_reset_transfer
                0x10003f08        0xc CMakeFiles/picousbtest.dir/C_/VSARM/sdk/pico/pico-sdk/lib/tinyusb/src/portable/raspberrypi/rp2040/rp2040_usb.c.obj
                0x10003f08                hw_endpoint_reset_transfer
 .text._hw_endpoint_buffer_control_update32
                0x10003f14       0x44 CMakeFiles/picousbtest.dir/C_/VSARM/sdk/pico/pico-sdk/lib/tinyusb/src/portable/raspberrypi/rp2040/rp2040_usb.c.obj
                0x10003f14                _hw_endpoint_buffer_control_update32
 .text.hw_endpoint_xfer_start
                0x10003f58      0x138 CMakeFiles/picousbtest.dir/C_/VSARM/sdk/pico/pico-sdk/lib/tinyusb/src/portable/raspberrypi/rp2040/rp2040_usb.c.obj
                0x10003f58                hw_endpoint_xfer_start
 .text.hw_endpoint_xfer_continue
                0x10004090      0x1e4 CMakeFiles/picousbtest.dir/C_/VSARM/sdk/pico/pico-sdk/lib/tinyusb/src/portable/raspberrypi/rp2040/rp2040_usb.c.obj
                0x10004090                hw_endpoint_xfer_continue
 .text.tud_mounted
                0x10004274       0x10 CMakeFiles/picousbtest.dir/C_/VSARM/sdk/pico/pico-sdk/lib/tinyusb/src/device/usbd.c.obj
                0x10004274                tud_mounted
 .text.tud_suspended
                0x10004284       0x10 CMakeFiles/picousbtest.dir/C_/VSARM/sdk/pico/pico-sdk/lib/tinyusb/src/device/usbd.c.obj
                0x10004284                tud_suspended
 .text.tud_inited
                0x10004294        0xc CMakeFiles/picousbtest.dir/C_/VSARM/sdk/pico/pico-sdk/lib/tinyusb/src/device/usbd.c.obj
                0x10004294                tud_inited
 .text.tud_init
                0x100042a0       0xd8 CMakeFiles/picousbtest.dir/C_/VSARM/sdk/pico/pico-sdk/lib/tinyusb/src/device/usbd.c.obj
                0x100042a0                tud_init
 .text.tud_task
                0x10004378      0x8ec CMakeFiles/picousbtest.dir/C_/VSARM/sdk/pico/pico-sdk/lib/tinyusb/src/device/usbd.c.obj
                0x10004378                tud_task
 .text.dcd_event_bus_signal
                0x10004c64      0x120 CMakeFiles/picousbtest.dir/C_/VSARM/sdk/pico/pico-sdk/lib/tinyusb/src/device/usbd.c.obj
                0x10004c64                dcd_event_bus_signal
 .text.dcd_event_bus_reset
                0x10004d84       0x54 CMakeFiles/picousbtest.dir/C_/VSARM/sdk/pico/pico-sdk/lib/tinyusb/src/device/usbd.c.obj
                0x10004d84                dcd_event_bus_reset
 .text.dcd_event_setup_received
                0x10004dd8       0x50 CMakeFiles/picousbtest.dir/C_/VSARM/sdk/pico/pico-sdk/lib/tinyusb/src/device/usbd.c.obj
                0x10004dd8                dcd_event_setup_received
 .text.dcd_event_xfer_complete
                0x10004e28       0x68 CMakeFiles/picousbtest.dir/C_/VSARM/sdk/pico/pico-sdk/lib/tinyusb/src/device/usbd.c.obj
                0x10004e28                dcd_event_xfer_complete
 .text.usbd_open_edpt_pair
                0x10004e90       0x80 CMakeFiles/picousbtest.dir/C_/VSARM/sdk/pico/pico-sdk/lib/tinyusb/src/device/usbd.c.obj
                0x10004e90                usbd_open_edpt_pair
 .text.usbd_edpt_open
                0x10004f10       0x30 CMakeFiles/picousbtest.dir/C_/VSARM/sdk/pico/pico-sdk/lib/tinyusb/src/device/usbd.c.obj
                0x10004f10                usbd_edpt_open
 .text.usbd_edpt_claim
                0x10004f40       0x64 CMakeFiles/picousbtest.dir/C_/VSARM/sdk/pico/pico-sdk/lib/tinyusb/src/device/usbd.c.obj
                0x10004f40                usbd_edpt_claim
 .text.usbd_edpt_release
                0x10004fa4       0x4c CMakeFiles/picousbtest.dir/C_/VSARM/sdk/pico/pico-sdk/lib/tinyusb/src/device/usbd.c.obj
                0x10004fa4                usbd_edpt_release
 .text.usbd_edpt_xfer
                0x10004ff0       0x48 CMakeFiles/picousbtest.dir/C_/VSARM/sdk/pico/pico-sdk/lib/tinyusb/src/device/usbd.c.obj
                0x10004ff0                usbd_edpt_xfer
 .text.tud_control_status
                0x10005038       0x30 CMakeFiles/picousbtest.dir/C_/VSARM/sdk/pico/pico-sdk/lib/tinyusb/src/device/usbd_control.c.obj
                0x10005038                tud_control_status
 .text.tud_control_xfer
                0x10005068       0xbc CMakeFiles/picousbtest.dir/C_/VSARM/sdk/pico/pico-sdk/lib/tinyusb/src/device/usbd_control.c.obj
                0x10005068                tud_control_xfer
 .text.usbd_control_reset
                0x10005124       0x14 CMakeFiles/picousbtest.dir/C_/VSARM/sdk/pico/pico-sdk/lib/tinyusb/src/device/usbd_control.c.obj
                0x10005124                usbd_control_reset
 .text.usbd_control_set_complete_callback
                0x10005138        0xc CMakeFiles/picousbtest.dir/C_/VSARM/sdk/pico/pico-sdk/lib/tinyusb/src/device/usbd_control.c.obj
                0x10005138                usbd_control_set_complete_callback
 .text.usbd_control_set_request
                0x10005144       0x1c CMakeFiles/picousbtest.dir/C_/VSARM/sdk/pico/pico-sdk/lib/tinyusb/src/device/usbd_control.c.obj
                0x10005144                usbd_control_set_request
 .text.usbd_control_xfer_cb
                0x10005160       0xfc CMakeFiles/picousbtest.dir/C_/VSARM/sdk/pico/pico-sdk/lib/tinyusb/src/device/usbd_control.c.obj
                0x10005160                usbd_control_xfer_cb
 .text.tud_cdc_n_connected
                0x1000525c       0x30 CMakeFiles/picousbtest.dir/C_/VSARM/sdk/pico/pico-sdk/lib/tinyusb/src/class/cdc/cdc_device.c.obj
                0x1000525c                tud_cdc_n_connected
 .text.tud_cdc_n_available
                0x1000528c       0x18 CMakeFiles/picousbtest.dir/C_/VSARM/sdk/pico/pico-sdk/lib/tinyusb/src/class/cdc/cdc_device.c.obj
                0x1000528c                tud_cdc_n_available
 .text.tud_cdc_n_read
                0x100052a4       0x70 CMakeFiles/picousbtest.dir/C_/VSARM/sdk/pico/pico-sdk/lib/tinyusb/src/class/cdc/cdc_device.c.obj
                0x100052a4                tud_cdc_n_read
 .text.tud_cdc_n_write_flush
                0x10005314       0x78 CMakeFiles/picousbtest.dir/C_/VSARM/sdk/pico/pico-sdk/lib/tinyusb/src/class/cdc/cdc_device.c.obj
                0x10005314                tud_cdc_n_write_flush
 .text.tud_cdc_n_write
                0x1000538c       0x34 CMakeFiles/picousbtest.dir/C_/VSARM/sdk/pico/pico-sdk/lib/tinyusb/src/class/cdc/cdc_device.c.obj
                0x1000538c                tud_cdc_n_write
 .text.tud_cdc_n_write_available
                0x100053c0       0x18 CMakeFiles/picousbtest.dir/C_/VSARM/sdk/pico/pico-sdk/lib/tinyusb/src/class/cdc/cdc_device.c.obj
                0x100053c0                tud_cdc_n_write_available
 .text.cdcd_init
                0x100053d8       0x7c CMakeFiles/picousbtest.dir/C_/VSARM/sdk/pico/pico-sdk/lib/tinyusb/src/class/cdc/cdc_device.c.obj
                0x100053d8                cdcd_init
 .text.cdcd_reset
                0x10005454       0x2c CMakeFiles/picousbtest.dir/C_/VSARM/sdk/pico/pico-sdk/lib/tinyusb/src/class/cdc/cdc_device.c.obj
                0x10005454                cdcd_reset
 .text.cdcd_open
                0x10005480       0xe4 CMakeFiles/picousbtest.dir/C_/VSARM/sdk/pico/pico-sdk/lib/tinyusb/src/class/cdc/cdc_device.c.obj
                0x10005480                cdcd_open
 .text.cdcd_control_xfer_cb
                0x10005564       0xe4 CMakeFiles/picousbtest.dir/C_/VSARM/sdk/pico/pico-sdk/lib/tinyusb/src/class/cdc/cdc_device.c.obj
                0x10005564                cdcd_control_xfer_cb
 .text.cdcd_xfer_cb
                0x10005648      0x148 CMakeFiles/picousbtest.dir/C_/VSARM/sdk/pico/pico-sdk/lib/tinyusb/src/class/cdc/cdc_device.c.obj
                0x10005648                cdcd_xfer_cb
 .text.tusb_init
                0x10005790        0xc CMakeFiles/picousbtest.dir/C_/VSARM/sdk/pico/pico-sdk/lib/tinyusb/src/tusb.c.obj
                0x10005790                tusb_init
 .text.tusb_inited
                0x1000579c        0x8 CMakeFiles/picousbtest.dir/C_/VSARM/sdk/pico/pico-sdk/lib/tinyusb/src/tusb.c.obj
                0x1000579c                tusb_inited
 .text.tu_edpt_validate
                0x100057a4       0x78 CMakeFiles/picousbtest.dir/C_/VSARM/sdk/pico/pico-sdk/lib/tinyusb/src/tusb.c.obj
                0x100057a4                tu_edpt_validate
 .text.tu_edpt_bind_driver
                0x1000581c       0x2c CMakeFiles/picousbtest.dir/C_/VSARM/sdk/pico/pico-sdk/lib/tinyusb/src/tusb.c.obj
                0x1000581c                tu_edpt_bind_driver
 .text.tu_fifo_config
                0x10005848       0x78 CMakeFiles/picousbtest.dir/C_/VSARM/sdk/pico/pico-sdk/lib/tinyusb/src/common/tusb_fifo.c.obj
                0x10005848                tu_fifo_config
 .text.tu_fifo_count
                0x100058c0       0x20 CMakeFiles/picousbtest.dir/C_/VSARM/sdk/pico/pico-sdk/lib/tinyusb/src/common/tusb_fifo.c.obj
                0x100058c0                tu_fifo_count
 .text.tu_fifo_empty
                0x100058e0       0x10 CMakeFiles/picousbtest.dir/C_/VSARM/sdk/pico/pico-sdk/lib/tinyusb/src/common/tusb_fifo.c.obj
                0x100058e0                tu_fifo_empty
 .text.tu_fifo_remaining
                0x100058f0       0x1c CMakeFiles/picousbtest.dir/C_/VSARM/sdk/pico/pico-sdk/lib/tinyusb/src/common/tusb_fifo.c.obj
                0x100058f0                tu_fifo_remaining
 .text.tu_fifo_read
                0x1000590c       0x9c CMakeFiles/picousbtest.dir/C_/VSARM/sdk/pico/pico-sdk/lib/tinyusb/src/common/tusb_fifo.c.obj
                0x1000590c                tu_fifo_read
 .text.tu_fifo_read_n
                0x100059a8      0x100 CMakeFiles/picousbtest.dir/C_/VSARM/sdk/pico/pico-sdk/lib/tinyusb/src/common/tusb_fifo.c.obj
                0x100059a8                tu_fifo_read_n
 .text.tu_fifo_write
                0x10005aa8       0x7c CMakeFiles/picousbtest.dir/C_/VSARM/sdk/pico/pico-sdk/lib/tinyusb/src/common/tusb_fifo.c.obj
                0x10005aa8                tu_fifo_write
 .text.tu_fifo_write_n
                0x10005b24      0x100 CMakeFiles/picousbtest.dir/C_/VSARM/sdk/pico/pico-sdk/lib/tinyusb/src/common/tusb_fifo.c.obj
                0x10005b24                tu_fifo_write_n
 .text.tu_fifo_clear
                0x10005c24       0x4c CMakeFiles/picousbtest.dir/C_/VSARM/sdk/pico/pico-sdk/lib/tinyusb/src/common/tusb_fifo.c.obj
                0x10005c24                tu_fifo_clear
 .text.tu_fifo_set_overwritable
                0x10005c70       0x3c CMakeFiles/picousbtest.dir/C_/VSARM/sdk/pico/pico-sdk/lib/tinyusb/src/common/tusb_fifo.c.obj
                0x10005c70                tu_fifo_set_overwritable
 .text.startup._retrieve_unique_id_on_boot
                0x10005cac       0x10 CMakeFiles/picousbtest.dir/C_/VSARM/sdk/pico/pico-sdk/src/rp2_common/pico_unique_id/unique_id.c.obj
 .text.pico_get_unique_board_id_string
                0x10005cbc      0x1a8 CMakeFiles/picousbtest.dir/C_/VSARM/sdk/pico/pico-sdk/src/rp2_common/pico_unique_id/unique_id.c.obj
                0x10005cbc                pico_get_unique_board_id_string
 .text.flash_get_unique_id
                0x10005e64       0x40 CMakeFiles/picousbtest.dir/C_/VSARM/sdk/pico/pico-sdk/src/rp2_common/hardware_flash/flash.c.obj
                0x10005e64                flash_get_unique_id
 .text.__sflush_r
                0x10005ea4      0x140 c:/vsarm/armcc/102021~1.10/bin/../lib/gcc/arm-none-eabi/10.3.1/../../../../arm-none-eabi/lib/thumb/v6-m/nofp\libc.a(lib_a-fflush.o)
                0x10005ea4                __sflush_r
 .text._fflush_r
                0x10005fe4       0x6c c:/vsarm/armcc/102021~1.10/bin/../lib/gcc/arm-none-eabi/10.3.1/../../../../arm-none-eabi/lib/thumb/v6-m/nofp\libc.a(lib_a-fflush.o)
                0x10005fe4                _fflush_r
 .text.fflush   0x10006050       0x78 c:/vsarm/armcc/102021~1.10/bin/../lib/gcc/arm-none-eabi/10.3.1/../../../../arm-none-eabi/lib/thumb/v6-m/nofp\libc.a(lib_a-fflush.o)
                0x10006050                fflush
 .text._cleanup_r
                0x100060c8       0x10 c:/vsarm/armcc/102021~1.10/bin/../lib/gcc/arm-none-eabi/10.3.1/../../../../arm-none-eabi/lib/thumb/v6-m/nofp\libc.a(lib_a-findfp.o)
                0x100060c8                _cleanup_r
 .text.__sinit  0x100060d8      0x120 c:/vsarm/armcc/102021~1.10/bin/../lib/gcc/arm-none-eabi/10.3.1/../../../../arm-none-eabi/lib/thumb/v6-m/nofp\libc.a(lib_a-findfp.o)
                0x100060d8                __sinit
 .text.__sfp_lock_acquire
                0x100061f8       0x10 c:/vsarm/armcc/102021~1.10/bin/../lib/gcc/arm-none-eabi/10.3.1/../../../../arm-none-eabi/lib/thumb/v6-m/nofp\libc.a(lib_a-findfp.o)
                0x100061f8                __sfp_lock_acquire
 .text.__sfp_lock_release
                0x10006208       0x10 c:/vsarm/armcc/102021~1.10/bin/../lib/gcc/arm-none-eabi/10.3.1/../../../../arm-none-eabi/lib/thumb/v6-m/nofp\libc.a(lib_a-findfp.o)
                0x10006208                __sfp_lock_release
 .text._malloc_trim_r
                0x10006218       0x9c c:/vsarm/armcc/102021~1.10/bin/../lib/gcc/arm-none-eabi/10.3.1/../../../../arm-none-eabi/lib/thumb/v6-m/nofp\libc.a(lib_a-freer.o)
                0x10006218                _malloc_trim_r
 .text._free_r  0x100062b4      0x1c4 c:/vsarm/armcc/102021~1.10/bin/../lib/gcc/arm-none-eabi/10.3.1/../../../../arm-none-eabi/lib/thumb/v6-m/nofp\libc.a(lib_a-freer.o)
                0x100062b4                _free_r
 .text._fwalk_reent
                0x10006478       0x48 c:/vsarm/armcc/102021~1.10/bin/../lib/gcc/arm-none-eabi/10.3.1/../../../../arm-none-eabi/lib/thumb/v6-m/nofp\libc.a(lib_a-fwalk.o)
                0x10006478                _fwalk_reent
 .text._fwrite_r
                0x100064c0       0xb0 c:/vsarm/armcc/102021~1.10/bin/../lib/gcc/arm-none-eabi/10.3.1/../../../../arm-none-eabi/lib/thumb/v6-m/nofp\libc.a(lib_a-fwrite.o)
                0x100064c0                _fwrite_r
 .text.fwrite   0x10006570       0x20 c:/vsarm/armcc/102021~1.10/bin/../lib/gcc/arm-none-eabi/10.3.1/../../../../arm-none-eabi/lib/thumb/v6-m/nofp\libc.a(lib_a-fwrite.o)
                0x10006570                fwrite
 .text.__retarget_lock_init_recursive
                0x10006590        0x4 c:/vsarm/armcc/102021~1.10/bin/../lib/gcc/arm-none-eabi/10.3.1/../../../../arm-none-eabi/lib/thumb/v6-m/nofp\libc.a(lib_a-lock.o)
                0x10006590                __retarget_lock_init_recursive
 .text.__retarget_lock_close_recursive
                0x10006594        0x4 c:/vsarm/armcc/102021~1.10/bin/../lib/gcc/arm-none-eabi/10.3.1/../../../../arm-none-eabi/lib/thumb/v6-m/nofp\libc.a(lib_a-lock.o)
                0x10006594                __retarget_lock_close_recursive
 .text.__retarget_lock_acquire_recursive
                0x10006598        0x4 c:/vsarm/armcc/102021~1.10/bin/../lib/gcc/arm-none-eabi/10.3.1/../../../../arm-none-eabi/lib/thumb/v6-m/nofp\libc.a(lib_a-lock.o)
                0x10006598                __retarget_lock_acquire_recursive
 .text.__retarget_lock_release_recursive
                0x1000659c        0x4 c:/vsarm/armcc/102021~1.10/bin/../lib/gcc/arm-none-eabi/10.3.1/../../../../arm-none-eabi/lib/thumb/v6-m/nofp\libc.a(lib_a-lock.o)
                0x1000659c                __retarget_lock_release_recursive
 .text._malloc_r
                0x100065a0      0x584 c:/vsarm/armcc/102021~1.10/bin/../lib/gcc/arm-none-eabi/10.3.1/../../../../arm-none-eabi/lib/thumb/v6-m/nofp\libc.a(lib_a-mallocr.o)
                0x100065a0                _malloc_r
 .text.__malloc_lock
                0x10006b24       0x10 c:/vsarm/armcc/102021~1.10/bin/../lib/gcc/arm-none-eabi/10.3.1/../../../../arm-none-eabi/lib/thumb/v6-m/nofp\libc.a(lib_a-mlock.o)
                0x10006b24                __malloc_lock
 .text.__malloc_unlock
                0x10006b34       0x10 c:/vsarm/armcc/102021~1.10/bin/../lib/gcc/arm-none-eabi/10.3.1/../../../../arm-none-eabi/lib/thumb/v6-m/nofp\libc.a(lib_a-mlock.o)
                0x10006b34                __malloc_unlock
 .text._sbrk_r  0x10006b44       0x24 c:/vsarm/armcc/102021~1.10/bin/../lib/gcc/arm-none-eabi/10.3.1/../../../../arm-none-eabi/lib/thumb/v6-m/nofp\libc.a(lib_a-sbrkr.o)
                0x10006b44                _sbrk_r
 .text.__sread  0x10006b68       0x28 c:/vsarm/armcc/102021~1.10/bin/../lib/gcc/arm-none-eabi/10.3.1/../../../../arm-none-eabi/lib/thumb/v6-m/nofp\libc.a(lib_a-stdio.o)
                0x10006b68                __sread
 .text.__swrite
                0x10006b90       0x40 c:/vsarm/armcc/102021~1.10/bin/../lib/gcc/arm-none-eabi/10.3.1/../../../../arm-none-eabi/lib/thumb/v6-m/nofp\libc.a(lib_a-stdio.o)
                0x10006b90                __swrite
 .text.__sseek  0x10006bd0       0x2c c:/vsarm/armcc/102021~1.10/bin/../lib/gcc/arm-none-eabi/10.3.1/../../../../arm-none-eabi/lib/thumb/v6-m/nofp\libc.a(lib_a-stdio.o)
                0x10006bd0                __sseek
 .text.__sclose
                0x10006bfc        0xc c:/vsarm/armcc/102021~1.10/bin/../lib/gcc/arm-none-eabi/10.3.1/../../../../arm-none-eabi/lib/thumb/v6-m/nofp\libc.a(lib_a-stdio.o)
                0x10006bfc                __sclose
 .text.strlen   0x10006c08       0x5c c:/vsarm/armcc/102021~1.10/bin/../lib/gcc/arm-none-eabi/10.3.1/../../../../arm-none-eabi/lib/thumb/v6-m/nofp\libc.a(lib_a-strlen-stub.o)
                0x10006c08                strlen
 .text._write_r
                0x10006c64       0x28 c:/vsarm/armcc/102021~1.10/bin/../lib/gcc/arm-none-eabi/10.3.1/../../../../arm-none-eabi/lib/thumb/v6-m/nofp\libc.a(lib_a-writer.o)
                0x10006c64                _write_r
 .text._close_r
                0x10006c8c       0x24 c:/vsarm/armcc/102021~1.10/bin/../lib/gcc/arm-none-eabi/10.3.1/../../../../arm-none-eabi/lib/thumb/v6-m/nofp\libc.a(lib_a-closer.o)
                0x10006c8c                _close_r
 .text._fclose_r
                0x10006cb0       0xdc c:/vsarm/armcc/102021~1.10/bin/../lib/gcc/arm-none-eabi/10.3.1/../../../../arm-none-eabi/lib/thumb/v6-m/nofp\libc.a(lib_a-fclose.o)
                0x10006cb0                _fclose_r
 .text.__sfvwrite_r
                0x10006d8c      0x2f4 c:/vsarm/armcc/102021~1.10/bin/../lib/gcc/arm-none-eabi/10.3.1/../../../../arm-none-eabi/lib/thumb/v6-m/nofp\libc.a(lib_a-fvwrite.o)
                0x10006d8c                __sfvwrite_r
 .text._lseek_r
                0x10007080       0x28 c:/vsarm/armcc/102021~1.10/bin/../lib/gcc/arm-none-eabi/10.3.1/../../../../arm-none-eabi/lib/thumb/v6-m/nofp\libc.a(lib_a-lseekr.o)
                0x10007080                _lseek_r
 .text._read_r  0x100070a8       0x28 c:/vsarm/armcc/102021~1.10/bin/../lib/gcc/arm-none-eabi/10.3.1/../../../../arm-none-eabi/lib/thumb/v6-m/nofp\libc.a(lib_a-readr.o)
                0x100070a8                _read_r
 .text._realloc_r
                0x100070d0      0x354 c:/vsarm/armcc/102021~1.10/bin/../lib/gcc/arm-none-eabi/10.3.1/../../../../arm-none-eabi/lib/thumb/v6-m/nofp\libc.a(lib_a-reallocr.o)
                0x100070d0                _realloc_r
 .text.__swsetup_r
                0x10007424       0xdc c:/vsarm/armcc/102021~1.10/bin/../lib/gcc/arm-none-eabi/10.3.1/../../../../arm-none-eabi/lib/thumb/v6-m/nofp\libc.a(lib_a-wsetup.o)
                0x10007424                __swsetup_r
 .text.__smakebuf_r
                0x10007500       0xe4 c:/vsarm/armcc/102021~1.10/bin/../lib/gcc/arm-none-eabi/10.3.1/../../../../arm-none-eabi/lib/thumb/v6-m/nofp\libc.a(lib_a-makebuf.o)
                0x10007500                __smakebuf_r
 .text._fstat_r
                0x100075e4       0x28 c:/vsarm/armcc/102021~1.10/bin/../lib/gcc/arm-none-eabi/10.3.1/../../../../arm-none-eabi/lib/thumb/v6-m/nofp\libc.a(lib_a-fstatr.o)
                0x100075e4                _fstat_r
 .text._isatty_r
                0x1000760c       0x24 c:/vsarm/armcc/102021~1.10/bin/../lib/gcc/arm-none-eabi/10.3.1/../../../../arm-none-eabi/lib/thumb/v6-m/nofp\libc.a(lib_a-isattyr.o)
                0x1000760c                _isatty_r
 .text._close   0x10007630       0x10 c:/vsarm/armcc/102021~1.10/bin/../lib/gcc/arm-none-eabi/10.3.1/../../../../arm-none-eabi/lib/thumb/v6-m/nofp\libnosys.a(close.o)
                0x10007630                _close
 .text._fstat   0x10007640       0x10 c:/vsarm/armcc/102021~1.10/bin/../lib/gcc/arm-none-eabi/10.3.1/../../../../arm-none-eabi/lib/thumb/v6-m/nofp\libnosys.a(fstat.o)
                0x10007640                _fstat
 .text._isatty  0x10007650       0x10 c:/vsarm/armcc/102021~1.10/bin/../lib/gcc/arm-none-eabi/10.3.1/../../../../arm-none-eabi/lib/thumb/v6-m/nofp\libnosys.a(isatty.o)
                0x10007650                _isatty
 .text._lseek   0x10007660       0x10 c:/vsarm/armcc/102021~1.10/bin/../lib/gcc/arm-none-eabi/10.3.1/../../../../arm-none-eabi/lib/thumb/v6-m/nofp\libnosys.a(lseek.o)
                0x10007660                _lseek
 *(.fini)
 .fini          0x10007670        0x4 c:/vsarm/armcc/102021~1.10/bin/../lib/gcc/arm-none-eabi/10.3.1/thumb/v6-m/nofp/crti.o
                0x10007670                _fini
 *fill*         0x10007674        0x4 
 .fini.__stub   0x10007678       0x80 linker stubs
 *crtbegin.o(.ctors)
 *crtbegin?.o(.ctors)
 *(EXCLUDE_FILE(*crtend.o *crtend?.o) .ctors)
 *(SORT_BY_NAME(.ctors.*))
 *(.ctors)
 *crtbegin.o(.dtors)
 *crtbegin?.o(.dtors)
 *(EXCLUDE_FILE(*crtend.o *crtend?.o) .dtors)
 *(SORT_BY_NAME(.dtors.*))
 *(.dtors)
 *(.eh_frame*)
 .eh_frame      0x100076f8        0x0 c:/vsarm/armcc/102021~1.10/bin/../lib/gcc/arm-none-eabi/10.3.1/thumb/v6-m/nofp/crtbegin.o
                0x100076f8                . = ALIGN (0x4)

.glue_7         0x100076f8        0x0
 .glue_7        0x100076f8        0x0 linker stubs

.glue_7t        0x100076f8        0x0
 .glue_7t       0x100076f8        0x0 linker stubs

.vfp11_veneer   0x100076f8        0x0
 .vfp11_veneer  0x100076f8        0x0 linker stubs

.v4_bx          0x100076f8        0x0
 .v4_bx         0x100076f8        0x0 linker stubs

.iplt           0x100076f8        0x0
 .iplt          0x100076f8        0x0 c:/vsarm/armcc/102021~1.10/bin/../lib/gcc/arm-none-eabi/10.3.1/thumb/v6-m/nofp/crtbegin.o

.rodata         0x100076f8      0x300
 *(EXCLUDE_FILE(*libm.a: *libc.a:*lib_a-mem*.o *libgcc.a:) .rodata*)
 .rodata.spin_lock_claim_unused.str1.4
                0x100076f8       0x1b CMakeFiles/picousbtest.dir/C_/VSARM/sdk/pico/pico-sdk/src/rp2_common/hardware_sync/sync.c.obj
 *fill*         0x10007713        0x5 
 .rodata.at_the_end_of_time
                0x10007718        0x8 CMakeFiles/picousbtest.dir/C_/VSARM/sdk/pico/pico-sdk/src/common/pico_time/time.c.obj
                0x10007718                at_the_end_of_time
 .rodata.hardware_alarm_claim.str1.4
                0x10007720       0x22 CMakeFiles/picousbtest.dir/C_/VSARM/sdk/pico/pico-sdk/src/rp2_common/hardware_timer/timer.c.obj
 *fill*         0x10007742        0x2 
 .rodata.panic.str1.4
                0x10007744       0x12 CMakeFiles/picousbtest.dir/C_/VSARM/sdk/pico/pico-sdk/src/rp2_common/pico_runtime/runtime.c.obj
 *fill*         0x10007756        0x2 
 .rodata.hard_assertion_failure.str1.4
                0x10007758        0xc CMakeFiles/picousbtest.dir/C_/VSARM/sdk/pico/pico-sdk/src/rp2_common/pico_runtime/runtime.c.obj
 .rodata.str1.4
                0x10007764       0x40 CMakeFiles/picousbtest.dir/C_/VSARM/sdk/pico/pico-sdk/src/rp2_common/pico_standard_link/binary_info.c.obj
 .rodata.__bi_44
                0x100077a4        0xc CMakeFiles/picousbtest.dir/C_/VSARM/sdk/pico/pico-sdk/src/rp2_common/pico_standard_link/binary_info.c.obj
 .rodata.__bi_75
                0x100077b0        0xc CMakeFiles/picousbtest.dir/C_/VSARM/sdk/pico/pico-sdk/src/rp2_common/pico_standard_link/binary_info.c.obj
 .rodata.__bi_81
                0x100077bc        0xc CMakeFiles/picousbtest.dir/C_/VSARM/sdk/pico/pico-sdk/src/rp2_common/pico_standard_link/binary_info.c.obj
 .rodata.crlf_str.0
                0x100077c8        0x2 CMakeFiles/picousbtest.dir/C_/VSARM/sdk/pico/pico-sdk/src/rp2_common/pico_stdio/stdio.c.obj
 *fill*         0x100077ca        0x2 
 .rodata.str1.4
                0x100077cc       0x2c CMakeFiles/picousbtest.dir/C_/VSARM/sdk/pico/pico-sdk/src/rp2_common/pico_stdio_uart/stdio_uart.c.obj
 .rodata.__bi_28.4
                0x100077f8        0xc CMakeFiles/picousbtest.dir/C_/VSARM/sdk/pico/pico-sdk/src/rp2_common/pico_stdio_uart/stdio_uart.c.obj
 .rodata.__bi_29.5
                0x10007804        0x8 CMakeFiles/picousbtest.dir/C_/VSARM/sdk/pico/pico-sdk/src/rp2_common/pico_stdio_uart/stdio_uart.c.obj
 .rodata._resetd_driver
                0x1000780c       0x18 CMakeFiles/picousbtest.dir/C_/VSARM/sdk/pico/pico-sdk/src/rp2_common/pico_stdio_usb/reset_interface.c.obj
 .rodata.str1.4
                0x10007824       0x13 CMakeFiles/picousbtest.dir/C_/VSARM/sdk/pico/pico-sdk/src/rp2_common/pico_stdio_usb/stdio_usb.c.obj
 *fill*         0x10007837        0x1 
 .rodata.__bi_93.0
                0x10007838        0xc CMakeFiles/picousbtest.dir/C_/VSARM/sdk/pico/pico-sdk/src/rp2_common/pico_stdio_usb/stdio_usb.c.obj
 .rodata.str1.4
                0x10007844       0x2a CMakeFiles/picousbtest.dir/C_/VSARM/sdk/pico/pico-sdk/src/rp2_common/pico_stdio_usb/stdio_usb_descriptors.c.obj
 *fill*         0x1000786e        0x2 
 .rodata.usbd_desc_cfg
                0x10007870       0x54 CMakeFiles/picousbtest.dir/C_/VSARM/sdk/pico/pico-sdk/src/rp2_common/pico_stdio_usb/stdio_usb_descriptors.c.obj
 .rodata.usbd_desc_device
                0x100078c4       0x12 CMakeFiles/picousbtest.dir/C_/VSARM/sdk/pico/pico-sdk/src/rp2_common/pico_stdio_usb/stdio_usb_descriptors.c.obj
 *fill*         0x100078d6        0x2 
 .rodata.usbd_desc_str
                0x100078d8       0x18 CMakeFiles/picousbtest.dir/C_/VSARM/sdk/pico/pico-sdk/src/rp2_common/pico_stdio_usb/stdio_usb_descriptors.c.obj
 .rodata.dcd_rp2040_irq.str1.4
                0x100078f0       0x14 CMakeFiles/picousbtest.dir/C_/VSARM/sdk/pico/pico-sdk/lib/tinyusb/src/portable/raspberrypi/rp2040/dcd_rp2040.c.obj
 .rodata._hw_endpoint_buffer_control_update32.part.0.isra.0.str1.4
                0x10007904       0x1f CMakeFiles/picousbtest.dir/C_/VSARM/sdk/pico/pico-sdk/lib/tinyusb/src/portable/raspberrypi/rp2040/rp2040_usb.c.obj
 *fill*         0x10007923        0x1 
 .rodata.hw_endpoint_xfer_continue.str1.4
                0x10007924       0x29 CMakeFiles/picousbtest.dir/C_/VSARM/sdk/pico/pico-sdk/lib/tinyusb/src/portable/raspberrypi/rp2040/rp2040_usb.c.obj
 .rodata.str1.4
                0x1000794d       0x29 CMakeFiles/picousbtest.dir/C_/VSARM/sdk/pico/pico-sdk/lib/tinyusb/src/portable/raspberrypi/rp2040/rp2040_usb.c.obj
                                  0x7 (size before relaxing)
 *fill*         0x1000794d        0x3 
 .rodata.tud_task
                0x10007950       0x8c CMakeFiles/picousbtest.dir/C_/VSARM/sdk/pico/pico-sdk/lib/tinyusb/src/device/usbd.c.obj
 .rodata._usbd_driver
                0x100079dc       0x18 CMakeFiles/picousbtest.dir/C_/VSARM/sdk/pico/pico-sdk/lib/tinyusb/src/device/usbd.c.obj
 .rodata._global_impure_ptr
                0x100079f4        0x4 c:/vsarm/armcc/102021~1.10/bin/../lib/gcc/arm-none-eabi/10.3.1/../../../../arm-none-eabi/lib/thumb/v6-m/nofp\libc.a(lib_a-impure.o)
                0x100079f4                _global_impure_ptr
                0x100079f8                . = ALIGN (0x4)
 *(SORT_BY_ALIGNMENT(SORT_BY_NAME(.flashdata*)))
                0x100079f8                . = ALIGN (0x4)

.rel.dyn        0x100079f8        0x0
 .rel.iplt      0x100079f8        0x0 c:/vsarm/armcc/102021~1.10/bin/../lib/gcc/arm-none-eabi/10.3.1/thumb/v6-m/nofp/crtbegin.o

.ARM.extab
 *(.ARM.extab* .gnu.linkonce.armextab.*)
                0x100079f8                __exidx_start = .

.ARM.exidx
 *(.ARM.exidx* .gnu.linkonce.armexidx.*)
                0x100079f8                __exidx_end = .
                0x100079f8                . = ALIGN (0x4)
                0x100079f8                __binary_info_start = .

.binary_info    0x100079f8       0x28
 *(.binary_info.keep.*)
 .binary_info.keep.__bi_ptr22
                0x100079f8        0x4 CMakeFiles/picousbtest.dir/C_/VSARM/sdk/pico/pico-sdk/src/rp2_common/pico_standard_link/binary_info.c.obj
 .binary_info.keep.__bi_ptr30
                0x100079fc        0x4 CMakeFiles/picousbtest.dir/C_/VSARM/sdk/pico/pico-sdk/src/rp2_common/pico_standard_link/binary_info.c.obj
 .binary_info.keep.__bi_ptr38
                0x10007a00        0x4 CMakeFiles/picousbtest.dir/C_/VSARM/sdk/pico/pico-sdk/src/rp2_common/pico_standard_link/binary_info.c.obj
 .binary_info.keep.__bi_ptr44
                0x10007a04        0x4 CMakeFiles/picousbtest.dir/C_/VSARM/sdk/pico/pico-sdk/src/rp2_common/pico_standard_link/binary_info.c.obj
 .binary_info.keep.__bi_ptr50
                0x10007a08        0x4 CMakeFiles/picousbtest.dir/C_/VSARM/sdk/pico/pico-sdk/src/rp2_common/pico_standard_link/binary_info.c.obj
 .binary_info.keep.__bi_ptr75
                0x10007a0c        0x4 CMakeFiles/picousbtest.dir/C_/VSARM/sdk/pico/pico-sdk/src/rp2_common/pico_standard_link/binary_info.c.obj
 .binary_info.keep.__bi_ptr81
                0x10007a10        0x4 CMakeFiles/picousbtest.dir/C_/VSARM/sdk/pico/pico-sdk/src/rp2_common/pico_standard_link/binary_info.c.obj
 *(.binary_info.*)
 .binary_info.__bi_ptr28
                0x10007a14        0x4 CMakeFiles/picousbtest.dir/C_/VSARM/sdk/pico/pico-sdk/src/rp2_common/pico_stdio_uart/stdio_uart.c.obj
 .binary_info.__bi_ptr29
                0x10007a18        0x4 CMakeFiles/picousbtest.dir/C_/VSARM/sdk/pico/pico-sdk/src/rp2_common/pico_stdio_uart/stdio_uart.c.obj
 .binary_info.__bi_ptr93
                0x10007a1c        0x4 CMakeFiles/picousbtest.dir/C_/VSARM/sdk/pico/pico-sdk/src/rp2_common/pico_stdio_usb/stdio_usb.c.obj
                0x10007a20                __binary_info_end = .
                0x10007a20                . = ALIGN (0x4)
                0x10007a20                __etext = .

.ram_vector_table
                0x20000000       0xc0
 *(.ram_vector_table)
 .ram_vector_table
                0x20000000       0xc0 CMakeFiles/picousbtest.dir/C_/VSARM/sdk/pico/pico-sdk/src/rp2_common/pico_runtime/runtime.c.obj
                0x20000000                ram_vector_table

.data           0x200000c0      0xd30 load address 0x10007a20
                0x200000c0                __data_start__ = .
 *(vtable)
 *(.time_critical*)
 .time_critical.mutex_enter_blocking
                0x200000c0       0x48 CMakeFiles/picousbtest.dir/C_/VSARM/sdk/pico/pico-sdk/src/common/pico_sync/mutex.c.obj
                0x200000c0                mutex_enter_blocking
 .time_critical.mutex_try_enter
                0x20000108       0x44 CMakeFiles/picousbtest.dir/C_/VSARM/sdk/pico/pico-sdk/src/common/pico_sync/mutex.c.obj
                0x20000108                mutex_try_enter
 .time_critical.mutex_enter_timeout_ms
                0x2000014c       0xa0 CMakeFiles/picousbtest.dir/C_/VSARM/sdk/pico/pico-sdk/src/common/pico_sync/mutex.c.obj
                0x2000014c                mutex_enter_timeout_ms
 .time_critical.mutex_exit
                0x200001ec       0x28 CMakeFiles/picousbtest.dir/C_/VSARM/sdk/pico/pico-sdk/src/common/pico_sync/mutex.c.obj
                0x200001ec                mutex_exit
 .time_critical.flash_init_boot2_copyout
                0x20000214       0x30 CMakeFiles/picousbtest.dir/C_/VSARM/sdk/pico/pico-sdk/src/rp2_common/hardware_flash/flash.c.obj
 .time_critical.flash_enable_xip_via_boot2
                0x20000244       0x10 CMakeFiles/picousbtest.dir/C_/VSARM/sdk/pico/pico-sdk/src/rp2_common/hardware_flash/flash.c.obj
 .time_critical.flash_cs_force
                0x20000254       0x38 CMakeFiles/picousbtest.dir/C_/VSARM/sdk/pico/pico-sdk/src/rp2_common/hardware_flash/flash.c.obj
 .time_critical.flash_do_cmd
                0x2000028c       0xc4 CMakeFiles/picousbtest.dir/C_/VSARM/sdk/pico/pico-sdk/src/rp2_common/hardware_flash/flash.c.obj
                0x2000028c                flash_do_cmd
 *(.text*)
 .text          0x20000350        0x4 c:/vsarm/armcc/102021~1.10/bin/../lib/gcc/arm-none-eabi/10.3.1/thumb/v6-m/nofp\libgcc.a(_dvmd_tls.o)
                0x20000350                __aeabi_idiv0
                0x20000350                __aeabi_ldiv0
 .text.memchr   0x20000354       0x74 c:/vsarm/armcc/102021~1.10/bin/../lib/gcc/arm-none-eabi/10.3.1/../../../../arm-none-eabi/lib/thumb/v6-m/nofp\libc.a(lib_a-memchr-stub.o)
                0x20000354                memchr
 .text.memmove  0x200003c8       0xac c:/vsarm/armcc/102021~1.10/bin/../lib/gcc/arm-none-eabi/10.3.1/../../../../arm-none-eabi/lib/thumb/v6-m/nofp\libc.a(lib_a-memmove.o)
                0x200003c8                memmove
 *fill*         0x20000474        0x4 
 .text.memmove.__stub
                0x20000478       0x30 linker stubs
                0x200004a8                . = ALIGN (0x4)
 *(.rodata*)
                0x200004a8                . = ALIGN (0x4)
 *(.data*)
 .data.striped_spin_lock_num
                0x200004a8        0x1 CMakeFiles/picousbtest.dir/C_/VSARM/sdk/pico/pico-sdk/src/rp2_common/hardware_sync/sync.c.obj
 *fill*         0x200004a9        0x3 
 .data.default_alarm_pool
                0x200004ac       0x18 CMakeFiles/picousbtest.dir/C_/VSARM/sdk/pico/pico-sdk/src/common/pico_time/time.c.obj
 .data.default_alarm_pool_heap
                0x200004c4       0x10 CMakeFiles/picousbtest.dir/C_/VSARM/sdk/pico/pico-sdk/src/common/pico_time/time.c.obj
 .data          0x200004d4       0x48 CMakeFiles/picousbtest.dir/C_/VSARM/sdk/pico/pico-sdk/src/rp2_common/hardware_irq/irq_handler_chain.S.obj
                0x200004d4                irq_handler_chain_slots
                0x20000504                irq_handler_chain_first_slot
                0x2000050e                irq_handler_chain_remove_tail
 *fill*         0x2000051c        0x4 
 .data.aeabi_bits_funcs
                0x20000520       0x10 CMakeFiles/picousbtest.dir/C_/VSARM/sdk/pico/pico-sdk/src/rp2_common/pico_bit_ops/bit_ops_aeabi.S.obj
                0x20000520                aeabi_bits_funcs
                0x20000530                aeabi_bits_funcs_end
 .data.aeabi_mem_funcs
                0x20000530       0x10 CMakeFiles/picousbtest.dir/C_/VSARM/sdk/pico/pico-sdk/src/rp2_common/pico_mem_ops/mem_ops_aeabi.S.obj
                0x20000530                aeabi_mem_funcs
                0x20000540                aeabi_mem_funcs_end
 .data.stdio_uart
                0x20000540       0x14 CMakeFiles/picousbtest.dir/C_/VSARM/sdk/pico/pico-sdk/src/rp2_common/pico_stdio_uart/stdio_uart.c.obj
                0x20000540                stdio_uart
 .data.stdio_usb
                0x20000554       0x14 CMakeFiles/picousbtest.dir/C_/VSARM/sdk/pico/pico-sdk/src/rp2_common/pico_stdio_usb/stdio_usb.c.obj
                0x20000554                stdio_usb
 .data.ep_dir_string
                0x20000568        0x8 CMakeFiles/picousbtest.dir/C_/VSARM/sdk/pico/pico-sdk/lib/tinyusb/src/portable/raspberrypi/rp2040/rp2040_usb.c.obj
                0x20000568                ep_dir_string
 .data._usbd_qdef
                0x20000570       0x24 CMakeFiles/picousbtest.dir/C_/VSARM/sdk/pico/pico-sdk/lib/tinyusb/src/device/usbd.c.obj
                0x20000570                _usbd_qdef
 .data._impure_ptr
                0x20000594        0x4 c:/vsarm/armcc/102021~1.10/bin/../lib/gcc/arm-none-eabi/10.3.1/../../../../arm-none-eabi/lib/thumb/v6-m/nofp\libc.a(lib_a-impure.o)
                0x20000594                _impure_ptr
 .data.impure_data
                0x20000598      0x428 c:/vsarm/armcc/102021~1.10/bin/../lib/gcc/arm-none-eabi/10.3.1/../../../../arm-none-eabi/lib/thumb/v6-m/nofp\libc.a(lib_a-impure.o)
 .data.__malloc_av_
                0x200009c0      0x408 c:/vsarm/armcc/102021~1.10/bin/../lib/gcc/arm-none-eabi/10.3.1/../../../../arm-none-eabi/lib/thumb/v6-m/nofp\libc.a(lib_a-mallocr.o)
                0x200009c0                __malloc_av_
 .data.__malloc_sbrk_base
                0x20000dc8        0x4 c:/vsarm/armcc/102021~1.10/bin/../lib/gcc/arm-none-eabi/10.3.1/../../../../arm-none-eabi/lib/thumb/v6-m/nofp\libc.a(lib_a-mallocr.o)
                0x20000dc8                __malloc_sbrk_base
 .data.__malloc_trim_threshold
                0x20000dcc        0x4 c:/vsarm/armcc/102021~1.10/bin/../lib/gcc/arm-none-eabi/10.3.1/../../../../arm-none-eabi/lib/thumb/v6-m/nofp\libc.a(lib_a-mallocr.o)
                0x20000dcc                __malloc_trim_threshold
                0x20000dd0                . = ALIGN (0x4)
 *(.after_data.*)
                0x20000dd0                . = ALIGN (0x4)
                0x20000dd0                PROVIDE (__mutex_array_start = .)
 *(SORT_BY_NAME(.mutex_array.*))
 *(.mutex_array)
 .mutex_array   0x20000dd0        0x8 CMakeFiles/picousbtest.dir/C_/VSARM/sdk/pico/pico-sdk/src/rp2_common/pico_stdio/stdio.c.obj
                0x20000dd8                PROVIDE (__mutex_array_end = .)
                0x20000dd8                . = ALIGN (0x4)
                0x20000dd8                PROVIDE (__preinit_array_start = .)
 *(SORT_BY_NAME(.preinit_array.*))
 .preinit_array.00001
                0x20000dd8        0x4 CMakeFiles/picousbtest.dir/C_/VSARM/sdk/pico/pico-sdk/src/rp2_common/pico_mem_ops/mem_ops_aeabi.S.obj
 .preinit_array.00010
                0x20000ddc        0x4 CMakeFiles/picousbtest.dir/C_/VSARM/sdk/pico/pico-sdk/src/rp2_common/pico_bit_ops/bit_ops_aeabi.S.obj
 .preinit_array.00020
                0x20000de0        0x4 CMakeFiles/picousbtest.dir/C_/VSARM/sdk/pico/pico-sdk/src/rp2_common/pico_double/double_aeabi.S.obj
 .preinit_array.00020
                0x20000de4        0x4 CMakeFiles/picousbtest.dir/C_/VSARM/sdk/pico/pico-sdk/src/rp2_common/pico_float/float_aeabi.S.obj
 *(.preinit_array)
                0x20000de8                PROVIDE (__preinit_array_end = .)
                0x20000de8                . = ALIGN (0x4)
                0x20000de8                PROVIDE (__init_array_start = .)
 *(SORT_BY_NAME(.init_array.*))
 *(.init_array)
 .init_array    0x20000de8        0x4 c:/vsarm/armcc/102021~1.10/bin/../lib/gcc/arm-none-eabi/10.3.1/thumb/v6-m/nofp/crtbegin.o
 .init_array    0x20000dec        0x4 CMakeFiles/picousbtest.dir/C_/VSARM/sdk/pico/pico-sdk/src/rp2_common/pico_unique_id/unique_id.c.obj
                0x20000df0                PROVIDE (__init_array_end = .)
                0x20000df0                . = ALIGN (0x4)
                [!provide]                PROVIDE (__fini_array_start = .)
 *(SORT_BY_NAME(.fini_array.*))
 *(.fini_array)
                [!provide]                PROVIDE (__fini_array_end = .)
 *(.jcr)
                0x20000df0                . = ALIGN (0x4)
                0x20000df0                __data_end__ = .

.igot.plt       0x20000df0        0x0 load address 0x10008750
 .igot.plt      0x20000df0        0x0 c:/vsarm/armcc/102021~1.10/bin/../lib/gcc/arm-none-eabi/10.3.1/thumb/v6-m/nofp/crtbegin.o

.uninitialized_data
                0x20000df0        0x0 load address 0x10008750
                0x20000df0                . = ALIGN (0x4)
 *(.uninitialized_data*)

.scratch_x      0x20040000        0x0 load address 0x10008750
                0x20040000                __scratch_x_start__ = .
 *(.scratch_x.*)
                0x20040000                . = ALIGN (0x4)
                0x20040000                __scratch_x_end__ = .
                0x10008750                __scratch_x_source__ = LOADADDR (.scratch_x)

.scratch_y      0x20041000        0x0 load address 0x10008750
                0x20041000                __scratch_y_start__ = .
 *(.scratch_y.*)
                0x20041000                . = ALIGN (0x4)
                0x20041000                __scratch_y_end__ = .
                0x10008750                __scratch_y_source__ = LOADADDR (.scratch_y)

.bss            0x20000df0      0xdd0
                0x20000df0                . = ALIGN (0x4)
                0x20000df0                __bss_start__ = .
 *(SORT_BY_ALIGNMENT(SORT_BY_NAME(.bss*)))
 .bss.default_alarm_pool_entries
                0x20000df0      0x100 CMakeFiles/picousbtest.dir/C_/VSARM/sdk/pico/pico-sdk/src/common/pico_time/time.c.obj
 .bss.last_avail_time.1
                0x20000ef0        0x8 CMakeFiles/picousbtest.dir/C_/VSARM/sdk/pico/pico-sdk/src/rp2_common/pico_stdio_usb/stdio_usb.c.obj
 .bss.sd_table  0x20000ef8      0x100 CMakeFiles/picousbtest.dir/C_/VSARM/sdk/pico/pico-sdk/src/rp2_common/pico_double/double_init_rom.c.obj
                0x20000ef8                sd_table
 .bss.sf_table  0x20000ff8      0x100 CMakeFiles/picousbtest.dir/C_/VSARM/sdk/pico/pico-sdk/src/rp2_common/pico_float/float_init_rom.c.obj
                0x20000ff8                sf_table
 .bss           0x200010f8       0x1c c:/vsarm/armcc/102021~1.10/bin/../lib/gcc/arm-none-eabi/10.3.1/thumb/v6-m/nofp/crtbegin.o
 .bss.__lock___malloc_recursive_mutex
                0x20001114        0x1 c:/vsarm/armcc/102021~1.10/bin/../lib/gcc/arm-none-eabi/10.3.1/../../../../arm-none-eabi/lib/thumb/v6-m/nofp\libc.a(lib_a-lock.o)
                0x20001114                __lock___malloc_recursive_mutex
 *fill*         0x20001115        0x3 
 .bss.__lock___sfp_recursive_mutex
                0x20001118        0x1 c:/vsarm/armcc/102021~1.10/bin/../lib/gcc/arm-none-eabi/10.3.1/../../../../arm-none-eabi/lib/thumb/v6-m/nofp\libc.a(lib_a-lock.o)
                0x20001118                __lock___sfp_recursive_mutex
 *fill*         0x20001119        0x3 
 .bss.__lock___sinit_recursive_mutex
                0x2000111c        0x1 c:/vsarm/armcc/102021~1.10/bin/../lib/gcc/arm-none-eabi/10.3.1/../../../../arm-none-eabi/lib/thumb/v6-m/nofp\libc.a(lib_a-lock.o)
                0x2000111c                __lock___sinit_recursive_mutex
 *fill*         0x2000111d        0x3 
 .bss.__malloc_current_mallinfo
                0x20001120       0x28 c:/vsarm/armcc/102021~1.10/bin/../lib/gcc/arm-none-eabi/10.3.1/../../../../arm-none-eabi/lib/thumb/v6-m/nofp\libc.a(lib_a-mallocr.o)
                0x20001120                __malloc_current_mallinfo
 .bss.__malloc_max_sbrked_mem
                0x20001148        0x4 c:/vsarm/armcc/102021~1.10/bin/../lib/gcc/arm-none-eabi/10.3.1/../../../../arm-none-eabi/lib/thumb/v6-m/nofp\libc.a(lib_a-mallocr.o)
                0x20001148                __malloc_max_sbrked_mem
 .bss.__malloc_max_total_mem
                0x2000114c        0x4 c:/vsarm/armcc/102021~1.10/bin/../lib/gcc/arm-none-eabi/10.3.1/../../../../arm-none-eabi/lib/thumb/v6-m/nofp\libc.a(lib_a-mallocr.o)
                0x2000114c                __malloc_max_total_mem
 .bss.__malloc_top_pad
                0x20001150        0x4 c:/vsarm/armcc/102021~1.10/bin/../lib/gcc/arm-none-eabi/10.3.1/../../../../arm-none-eabi/lib/thumb/v6-m/nofp\libc.a(lib_a-mallocr.o)
                0x20001150                __malloc_top_pad
 .bss._app_driver
                0x20001154        0x4 CMakeFiles/picousbtest.dir/C_/VSARM/sdk/pico/pico-sdk/lib/tinyusb/src/device/usbd.c.obj
 .bss._cdcd_itf
                0x20001158      0x2d8 CMakeFiles/picousbtest.dir/C_/VSARM/sdk/pico/pico-sdk/lib/tinyusb/src/class/cdc/cdc_device.c.obj
 .bss._ctrl_xfer
                0x20001430       0x14 CMakeFiles/picousbtest.dir/C_/VSARM/sdk/pico/pico-sdk/lib/tinyusb/src/device/usbd_control.c.obj
 .bss._ubsd_mutexdef
                0x20001444        0x8 CMakeFiles/picousbtest.dir/C_/VSARM/sdk/pico/pico-sdk/lib/tinyusb/src/device/usbd.c.obj
 .bss._usbd_ctrl_buf
                0x2000144c       0x40 CMakeFiles/picousbtest.dir/C_/VSARM/sdk/pico/pico-sdk/lib/tinyusb/src/device/usbd_control.c.obj
 .bss._usbd_dev
                0x2000148c       0x53 CMakeFiles/picousbtest.dir/C_/VSARM/sdk/pico/pico-sdk/lib/tinyusb/src/device/usbd.c.obj
 *fill*         0x200014df        0x1 
 .bss._usbd_mutex
                0x200014e0        0x4 CMakeFiles/picousbtest.dir/C_/VSARM/sdk/pico/pico-sdk/lib/tinyusb/src/device/usbd.c.obj
 .bss._usbd_q   0x200014e4        0x4 CMakeFiles/picousbtest.dir/C_/VSARM/sdk/pico/pico-sdk/lib/tinyusb/src/device/usbd.c.obj
 .bss._usbd_qdef_buf
                0x200014e8       0xc0 CMakeFiles/picousbtest.dir/C_/VSARM/sdk/pico/pico-sdk/lib/tinyusb/src/device/usbd.c.obj
                0x200014e8                _usbd_qdef_buf
 .bss.alarm_callbacks
                0x200015a8       0x10 CMakeFiles/picousbtest.dir/C_/VSARM/sdk/pico/pico-sdk/src/rp2_common/hardware_timer/timer.c.obj
 .bss.boot2_copyout
                0x200015b8      0x100 CMakeFiles/picousbtest.dir/C_/VSARM/sdk/pico/pico-sdk/src/rp2_common/hardware_flash/flash.c.obj
 .bss.claimed   0x200016b8        0x4 CMakeFiles/picousbtest.dir/C_/VSARM/sdk/pico/pico-sdk/src/rp2_common/hardware_sync/sync.c.obj
 .bss.configured_freq
                0x200016bc       0x28 CMakeFiles/picousbtest.dir/C_/VSARM/sdk/pico/pico-sdk/src/rp2_common/hardware_clocks/clocks.c.obj
 .bss.default_alarm_pool_entry_ids_high
                0x200016e4       0x10 CMakeFiles/picousbtest.dir/C_/VSARM/sdk/pico/pico-sdk/src/common/pico_time/time.c.obj
 .bss.default_alarm_pool_heap_nodes
                0x200016f4       0x30 CMakeFiles/picousbtest.dir/C_/VSARM/sdk/pico/pico-sdk/src/common/pico_time/time.c.obj
 .bss.desc_str.0
                0x20001724       0x28 CMakeFiles/picousbtest.dir/C_/VSARM/sdk/pico/pico-sdk/src/rp2_common/pico_stdio_usb/stdio_usb_descriptors.c.obj
 .bss.drivers   0x2000174c        0x4 CMakeFiles/picousbtest.dir/C_/VSARM/sdk/pico/pico-sdk/src/rp2_common/pico_stdio/stdio.c.obj
 .bss.errno     0x20001750        0x4 c:/vsarm/armcc/102021~1.10/bin/../lib/gcc/arm-none-eabi/10.3.1/../../../../arm-none-eabi/lib/thumb/v6-m/nofp\libc.a(lib_a-reent.o)
                0x20001750                errno
 .bss.filter    0x20001754        0x4 CMakeFiles/picousbtest.dir/C_/VSARM/sdk/pico/pico-sdk/src/rp2_common/pico_stdio/stdio.c.obj
 .bss.heap_end.0
                0x20001758        0x4 CMakeFiles/picousbtest.dir/C_/VSARM/sdk/pico/pico-sdk/src/rp2_common/pico_runtime/runtime.c.obj
 .bss.hw_endpoints
                0x2000175c      0x400 CMakeFiles/picousbtest.dir/C_/VSARM/sdk/pico/pico-sdk/lib/tinyusb/src/portable/raspberrypi/rp2040/dcd_rp2040.c.obj
 .bss.lazy_vsnprintf
                0x20001b5c        0x4 CMakeFiles/picousbtest.dir/C_/VSARM/sdk/pico/pico-sdk/src/rp2_common/pico_printf/printf.c.obj
 .bss.load_value
                0x20001b60        0x4 CMakeFiles/picousbtest.dir/C_/VSARM/sdk/pico/pico-sdk/src/rp2_common/hardware_watchdog/watchdog.c.obj
 .bss.next_buffer_ptr
                0x20001b64        0x4 CMakeFiles/picousbtest.dir/C_/VSARM/sdk/pico/pico-sdk/lib/tinyusb/src/portable/raspberrypi/rp2040/dcd_rp2040.c.obj
 .bss.pools     0x20001b68       0x10 CMakeFiles/picousbtest.dir/C_/VSARM/sdk/pico/pico-sdk/src/common/pico_time/time.c.obj
 .bss.retrieved_id
                0x20001b78        0x8 CMakeFiles/picousbtest.dir/C_/VSARM/sdk/pico/pico-sdk/src/rp2_common/pico_unique_id/unique_id.c.obj
 .bss.sf_clz_func
                0x20001b80        0x4 CMakeFiles/picousbtest.dir/C_/VSARM/sdk/pico/pico-sdk/src/rp2_common/pico_double/double_init_rom.c.obj
                0x20001b80                sf_clz_func
 .bss.sleep_notifier
                0x20001b84        0x4 CMakeFiles/picousbtest.dir/C_/VSARM/sdk/pico/pico-sdk/src/common/pico_time/time.c.obj
 .bss.stdio_usb_mutex
                0x20001b88        0x8 CMakeFiles/picousbtest.dir/C_/VSARM/sdk/pico/pico-sdk/src/rp2_common/pico_stdio_usb/stdio_usb.c.obj
 .bss.target_hi
                0x20001b90       0x10 CMakeFiles/picousbtest.dir/C_/VSARM/sdk/pico/pico-sdk/src/rp2_common/hardware_timer/timer.c.obj
 .bss.uart_char_to_line_feed
                0x20001ba0        0x4 CMakeFiles/picousbtest.dir/C_/VSARM/sdk/pico/pico-sdk/src/rp2_common/hardware_uart/uart.c.obj
                0x20001ba0                uart_char_to_line_feed
 .bss.uart_instance
                0x20001ba4        0x4 CMakeFiles/picousbtest.dir/C_/VSARM/sdk/pico/pico-sdk/src/rp2_common/pico_stdio_uart/stdio_uart.c.obj
 .bss.usbd_serial_str
                0x20001ba8       0x11 CMakeFiles/picousbtest.dir/C_/VSARM/sdk/pico/pico-sdk/src/rp2_common/pico_stdio_usb/stdio_usb_descriptors.c.obj
 .bss._app_driver_count
                0x20001bb9        0x1 CMakeFiles/picousbtest.dir/C_/VSARM/sdk/pico/pico-sdk/lib/tinyusb/src/device/usbd.c.obj
 .bss._usbd_initialized
                0x20001bba        0x1 CMakeFiles/picousbtest.dir/C_/VSARM/sdk/pico/pico-sdk/lib/tinyusb/src/device/usbd.c.obj
 .bss.boot2_copyout_valid
                0x20001bbb        0x1 CMakeFiles/picousbtest.dir/C_/VSARM/sdk/pico/pico-sdk/src/rp2_common/hardware_flash/flash.c.obj
 .bss.claimed   0x20001bbc        0x1 CMakeFiles/picousbtest.dir/C_/VSARM/sdk/pico/pico-sdk/src/rp2_common/hardware_timer/timer.c.obj
 .bss.irq_hander_chain_free_slot_head
                0x20001bbd        0x1 CMakeFiles/picousbtest.dir/C_/VSARM/sdk/pico/pico-sdk/src/rp2_common/hardware_irq/irq.c.obj
 .bss.itf_num   0x20001bbe        0x1 CMakeFiles/picousbtest.dir/C_/VSARM/sdk/pico/pico-sdk/src/rp2_common/pico_stdio_usb/reset_interface.c.obj
 .bss.timer_callbacks_pending
                0x20001bbf        0x1 CMakeFiles/picousbtest.dir/C_/VSARM/sdk/pico/pico-sdk/src/rp2_common/hardware_timer/timer.c.obj
 *(COMMON)
                0x20001bc0                . = ALIGN (0x4)
                0x20001bc0                __bss_end__ = .

.heap           0x20001bc0      0x800
                0x20001bc0                __end__ = .
                0x20001bc0                end = __end__
 *(.heap*)
 .heap          0x20001bc0      0x800 CMakeFiles/picousbtest.dir/C_/VSARM/sdk/pico/pico-sdk/src/rp2_common/pico_standard_link/crt0.S.obj
                0x200023c0                __HeapLimit = .

.stack1_dummy   0x20040000        0x0
 *(.stack1*)

.stack_dummy    0x20041000      0x800
 *(.stack*)
 .stack         0x20041000      0x800 CMakeFiles/picousbtest.dir/C_/VSARM/sdk/pico/pico-sdk/src/rp2_common/pico_standard_link/crt0.S.obj

.flash_end      0x10008750        0x0
                0x10008750                __flash_binary_end = .
                0x20040000                __StackLimit = (ORIGIN (RAM) + LENGTH (RAM))
                0x20041000                __StackOneTop = (ORIGIN (SCRATCH_X) + LENGTH (SCRATCH_X))
                0x20042000                __StackTop = (ORIGIN (SCRATCH_Y) + LENGTH (SCRATCH_Y))
                0x20041000                __StackOneBottom = (__StackOneTop - SIZEOF (.stack1_dummy))
                0x20041800                __StackBottom = (__StackTop - SIZEOF (.stack_dummy))
                0x20042000                PROVIDE (__stack = __StackTop)
                0x00000001                ASSERT ((__StackLimit >= __HeapLimit), region RAM overflowed)
                0x00000001                ASSERT (((__binary_info_header_end - __logical_binary_start) <= 0x100), Binary info must be in first 256 bytes of the binary)
LOAD CMakeFiles/picousbtest.dir/main.c.obj
LOAD CMakeFiles/picousbtest.dir/C_/VSARM/sdk/pico/pico-sdk/src/rp2_common/pico_stdlib/stdlib.c.obj
LOAD CMakeFiles/picousbtest.dir/C_/VSARM/sdk/pico/pico-sdk/src/rp2_common/hardware_gpio/gpio.c.obj
LOAD CMakeFiles/picousbtest.dir/C_/VSARM/sdk/pico/pico-sdk/src/rp2_common/hardware_claim/claim.c.obj
LOAD CMakeFiles/picousbtest.dir/C_/VSARM/sdk/pico/pico-sdk/src/rp2_common/pico_platform/platform.c.obj
LOAD CMakeFiles/picousbtest.dir/C_/VSARM/sdk/pico/pico-sdk/src/rp2_common/hardware_sync/sync.c.obj
LOAD CMakeFiles/picousbtest.dir/C_/VSARM/sdk/pico/pico-sdk/src/rp2_common/hardware_uart/uart.c.obj
LOAD CMakeFiles/picousbtest.dir/C_/VSARM/sdk/pico/pico-sdk/src/rp2_common/hardware_divider/divider.S.obj
LOAD CMakeFiles/picousbtest.dir/C_/VSARM/sdk/pico/pico-sdk/src/common/pico_time/time.c.obj
LOAD CMakeFiles/picousbtest.dir/C_/VSARM/sdk/pico/pico-sdk/src/common/pico_time/timeout_helper.c.obj
LOAD CMakeFiles/picousbtest.dir/C_/VSARM/sdk/pico/pico-sdk/src/rp2_common/hardware_timer/timer.c.obj
LOAD CMakeFiles/picousbtest.dir/C_/VSARM/sdk/pico/pico-sdk/src/common/pico_sync/sem.c.obj
LOAD CMakeFiles/picousbtest.dir/C_/VSARM/sdk/pico/pico-sdk/src/common/pico_sync/lock_core.c.obj
LOAD CMakeFiles/picousbtest.dir/C_/VSARM/sdk/pico/pico-sdk/src/common/pico_sync/mutex.c.obj
LOAD CMakeFiles/picousbtest.dir/C_/VSARM/sdk/pico/pico-sdk/src/common/pico_sync/critical_section.c.obj
LOAD CMakeFiles/picousbtest.dir/C_/VSARM/sdk/pico/pico-sdk/src/common/pico_util/datetime.c.obj
LOAD CMakeFiles/picousbtest.dir/C_/VSARM/sdk/pico/pico-sdk/src/common/pico_util/pheap.c.obj
LOAD CMakeFiles/picousbtest.dir/C_/VSARM/sdk/pico/pico-sdk/src/common/pico_util/queue.c.obj
LOAD CMakeFiles/picousbtest.dir/C_/VSARM/sdk/pico/pico-sdk/src/rp2_common/pico_runtime/runtime.c.obj
LOAD CMakeFiles/picousbtest.dir/C_/VSARM/sdk/pico/pico-sdk/src/rp2_common/hardware_clocks/clocks.c.obj
LOAD CMakeFiles/picousbtest.dir/C_/VSARM/sdk/pico/pico-sdk/src/rp2_common/hardware_irq/irq.c.obj
LOAD CMakeFiles/picousbtest.dir/C_/VSARM/sdk/pico/pico-sdk/src/rp2_common/hardware_irq/irq_handler_chain.S.obj
LOAD CMakeFiles/picousbtest.dir/C_/VSARM/sdk/pico/pico-sdk/src/rp2_common/hardware_pll/pll.c.obj
LOAD CMakeFiles/picousbtest.dir/C_/VSARM/sdk/pico/pico-sdk/src/rp2_common/hardware_vreg/vreg.c.obj
LOAD CMakeFiles/picousbtest.dir/C_/VSARM/sdk/pico/pico-sdk/src/rp2_common/hardware_watchdog/watchdog.c.obj
LOAD CMakeFiles/picousbtest.dir/C_/VSARM/sdk/pico/pico-sdk/src/rp2_common/hardware_xosc/xosc.c.obj
LOAD CMakeFiles/picousbtest.dir/C_/VSARM/sdk/pico/pico-sdk/src/rp2_common/pico_printf/printf.c.obj
LOAD CMakeFiles/picousbtest.dir/C_/VSARM/sdk/pico/pico-sdk/src/rp2_common/pico_bit_ops/bit_ops_aeabi.S.obj
LOAD CMakeFiles/picousbtest.dir/C_/VSARM/sdk/pico/pico-sdk/src/rp2_common/pico_bootrom/bootrom.c.obj
LOAD CMakeFiles/picousbtest.dir/C_/VSARM/sdk/pico/pico-sdk/src/rp2_common/pico_divider/divider.S.obj
LOAD CMakeFiles/picousbtest.dir/C_/VSARM/sdk/pico/pico-sdk/src/rp2_common/pico_double/double_aeabi.S.obj
LOAD CMakeFiles/picousbtest.dir/C_/VSARM/sdk/pico/pico-sdk/src/rp2_common/pico_double/double_init_rom.c.obj
LOAD CMakeFiles/picousbtest.dir/C_/VSARM/sdk/pico/pico-sdk/src/rp2_common/pico_double/double_math.c.obj
LOAD CMakeFiles/picousbtest.dir/C_/VSARM/sdk/pico/pico-sdk/src/rp2_common/pico_double/double_v1_rom_shim.S.obj
LOAD CMakeFiles/picousbtest.dir/C_/VSARM/sdk/pico/pico-sdk/src/rp2_common/pico_int64_ops/pico_int64_ops_aeabi.S.obj
LOAD CMakeFiles/picousbtest.dir/C_/VSARM/sdk/pico/pico-sdk/src/rp2_common/pico_float/float_aeabi.S.obj
LOAD CMakeFiles/picousbtest.dir/C_/VSARM/sdk/pico/pico-sdk/src/rp2_common/pico_float/float_init_rom.c.obj
LOAD CMakeFiles/picousbtest.dir/C_/VSARM/sdk/pico/pico-sdk/src/rp2_common/pico_float/float_math.c.obj
LOAD CMakeFiles/picousbtest.dir/C_/VSARM/sdk/pico/pico-sdk/src/rp2_common/pico_float/float_v1_rom_shim.S.obj
LOAD CMakeFiles/picousbtest.dir/C_/VSARM/sdk/pico/pico-sdk/src/rp2_common/pico_malloc/pico_malloc.c.obj
LOAD CMakeFiles/picousbtest.dir/C_/VSARM/sdk/pico/pico-sdk/src/rp2_common/pico_mem_ops/mem_ops_aeabi.S.obj
LOAD CMakeFiles/picousbtest.dir/C_/VSARM/sdk/pico/pico-sdk/src/rp2_common/pico_standard_link/crt0.S.obj
LOAD CMakeFiles/picousbtest.dir/C_/VSARM/sdk/pico/pico-sdk/src/rp2_common/pico_standard_link/new_delete.cpp.obj
LOAD CMakeFiles/picousbtest.dir/C_/VSARM/sdk/pico/pico-sdk/src/rp2_common/pico_standard_link/binary_info.c.obj
LOAD CMakeFiles/picousbtest.dir/C_/VSARM/sdk/pico/pico-sdk/src/rp2_common/pico_stdio/stdio.c.obj
LOAD CMakeFiles/picousbtest.dir/C_/VSARM/sdk/pico/pico-sdk/src/rp2_common/pico_stdio_uart/stdio_uart.c.obj
LOAD CMakeFiles/picousbtest.dir/C_/VSARM/sdk/pico/pico-sdk/src/rp2_common/pico_stdio_usb/reset_interface.c.obj
LOAD CMakeFiles/picousbtest.dir/C_/VSARM/sdk/pico/pico-sdk/src/rp2_common/pico_stdio_usb/stdio_usb.c.obj
LOAD CMakeFiles/picousbtest.dir/C_/VSARM/sdk/pico/pico-sdk/src/rp2_common/pico_stdio_usb/stdio_usb_descriptors.c.obj
LOAD CMakeFiles/picousbtest.dir/C_/VSARM/sdk/pico/pico-sdk/lib/tinyusb/src/portable/raspberrypi/rp2040/dcd_rp2040.c.obj
LOAD CMakeFiles/picousbtest.dir/C_/VSARM/sdk/pico/pico-sdk/lib/tinyusb/src/portable/raspberrypi/rp2040/rp2040_usb.c.obj
LOAD CMakeFiles/picousbtest.dir/C_/VSARM/sdk/pico/pico-sdk/lib/tinyusb/src/device/usbd.c.obj
LOAD CMakeFiles/picousbtest.dir/C_/VSARM/sdk/pico/pico-sdk/lib/tinyusb/src/device/usbd_control.c.obj
LOAD CMakeFiles/picousbtest.dir/C_/VSARM/sdk/pico/pico-sdk/lib/tinyusb/src/class/audio/audio_device.c.obj
LOAD CMakeFiles/picousbtest.dir/C_/VSARM/sdk/pico/pico-sdk/lib/tinyusb/src/class/cdc/cdc_device.c.obj
LOAD CMakeFiles/picousbtest.dir/C_/VSARM/sdk/pico/pico-sdk/lib/tinyusb/src/class/dfu/dfu_device.c.obj
LOAD CMakeFiles/picousbtest.dir/C_/VSARM/sdk/pico/pico-sdk/lib/tinyusb/src/class/dfu/dfu_rt_device.c.obj